Component: Arm Compiler for Embedded 6.22 Tool: armlink [5d895400]

==============================================================================

Section Cross References

    main.o(.ARM.exidx.text.clock_gpio) refers to main.o(.text.clock_gpio) for [Anonymous Symbol]
    main.o(.text.gpio_update_UI) refers to main.o(.text.clock_gpio) for clock_gpio
    main.o(.text.gpio_update_UI) refers to cs32l015_hal_gpio.o(.text.HAL_GPIO_WritePin) for HAL_GPIO_WritePin
    main.o(.text.gpio_update_UI) refers to cs32l015_hal.o(.text.HAL_Delay) for HAL_Delay
    main.o(.ARM.exidx.text.gpio_update_UI) refers to main.o(.text.gpio_update_UI) for [Anonymous Symbol]
    main.o(.text.main) refers to cs32l015_hal.o(.text.HAL_Init) for HAL_Init
    main.o(.text.main) refers to main.o(.text._SystemClock_Config) for _SystemClock_Config
    main.o(.text.main) refers to cs32l015_hal_uart.o(.text.HAL_UART_Init) for HAL_UART_Init
    main.o(.text.main) refers to main.o(.text.__NVIC_EnableIRQ) for __NVIC_EnableIRQ
    main.o(.text.main) refers to cs32l015_hal_uart.o(.text.HAL_UART_Receive_IT) for HAL_UART_Receive_IT
    main.o(.text.main) refers to cs32l015_hal_uart.o(.text.HAL_UART_Transmit_IT) for HAL_UART_Transmit_IT
    main.o(.text.main) refers to main.o(.bss.g_hUart) for g_hUart
    main.o(.text.main) refers to main.o(.bss.g_hUart1) for g_hUart1
    main.o(.text.main) refers to main.o(.bss.rxIndex) for [Anonymous Symbol]
    main.o(.text.main) refers to main.o(.bss.rxData) for rxData
    main.o(.text.main) refers to main.o(.bss.receivedByte) for receivedByte
    main.o(.ARM.exidx.text.main) refers to main.o(.text.main) for [Anonymous Symbol]
    main.o(.text._SystemClock_Config) refers to cs32l015_hal_rcc.o(.text.HAL_RCC_OscConfig) for HAL_RCC_OscConfig
    main.o(.text._SystemClock_Config) refers to main.o(.text.Error_Handler) for Error_Handler
    main.o(.text._SystemClock_Config) refers to cs32l015_hal_rcc.o(.text.HAL_RCC_ClockConfig) for HAL_RCC_ClockConfig
    main.o(.ARM.exidx.text._SystemClock_Config) refers to main.o(.text._SystemClock_Config) for [Anonymous Symbol]
    main.o(.ARM.exidx.text.__NVIC_EnableIRQ) refers to main.o(.text.__NVIC_EnableIRQ) for [Anonymous Symbol]
    main.o(.text.UART2_3_IRQHandler) refers to cs32l015_hal_uart.o(.text.HAL_UART_Transmit_IT) for HAL_UART_Transmit_IT
    main.o(.text.UART2_3_IRQHandler) refers to main.o(.bss.g_hUart) for g_hUart
    main.o(.text.UART2_3_IRQHandler) refers to main.o(.bss.receivedByte) for receivedByte
    main.o(.text.UART2_3_IRQHandler) refers to main.o(.bss.rxIndex) for [Anonymous Symbol]
    main.o(.ARM.exidx.text.UART2_3_IRQHandler) refers to main.o(.text.UART2_3_IRQHandler) for [Anonymous Symbol]
    main.o(.text.UART1_IRQHandler) refers to cs32l015_hal_uart.o(.text.HAL_UART_Transmit_IT) for HAL_UART_Transmit_IT
    main.o(.text.UART1_IRQHandler) refers to main.o(.bss.g_hUart1) for g_hUart1
    main.o(.text.UART1_IRQHandler) refers to main.o(.bss.g_hUart) for g_hUart
    main.o(.text.UART1_IRQHandler) refers to main.o(.bss.receivedByte) for receivedByte
    main.o(.text.UART1_IRQHandler) refers to main.o(.bss.rxIndex) for [Anonymous Symbol]
    main.o(.ARM.exidx.text.UART1_IRQHandler) refers to main.o(.text.UART1_IRQHandler) for [Anonymous Symbol]
    main.o(.ARM.exidx.text.Error_Handler) refers to main.o(.text.Error_Handler) for [Anonymous Symbol]
    main.o(.ARM.exidx.text.assert_failed) refers to main.o(.text.assert_failed) for [Anonymous Symbol]
    cs32l015_hal_msp.o(.ARM.exidx.text.HAL_MspInit) refers to cs32l015_hal_msp.o(.text.HAL_MspInit) for [Anonymous Symbol]
    cs32l015_hal_msp.o(.text.HAL_UART_MspInit) refers to cs32l015_hal_gpio.o(.text.HAL_GPIO_Init) for HAL_GPIO_Init
    cs32l015_hal_msp.o(.text.HAL_UART_MspInit) refers to cs32l015_hal_msp.o(.bss.GPIO_InitStruct) for GPIO_InitStruct
    cs32l015_hal_msp.o(.ARM.exidx.text.HAL_UART_MspInit) refers to cs32l015_hal_msp.o(.text.HAL_UART_MspInit) for [Anonymous Symbol]
    cs32l015_hal_msp.o(.text.HAL_UART_MspDeInit) refers to cs32l015_hal_gpio.o(.text.HAL_GPIO_DeInit) for HAL_GPIO_DeInit
    cs32l015_hal_msp.o(.ARM.exidx.text.HAL_UART_MspDeInit) refers to cs32l015_hal_msp.o(.text.HAL_UART_MspDeInit) for [Anonymous Symbol]
    cs32l015_it.o(.ARM.exidx.text.NMI_Handler) refers to cs32l015_it.o(.text.NMI_Handler) for [Anonymous Symbol]
    cs32l015_it.o(.ARM.exidx.text.HardFault_Handler) refers to cs32l015_it.o(.text.HardFault_Handler) for [Anonymous Symbol]
    cs32l015_it.o(.ARM.exidx.text.SVC_Handler) refers to cs32l015_it.o(.text.SVC_Handler) for [Anonymous Symbol]
    cs32l015_it.o(.ARM.exidx.text.PendSV_Handler) refers to cs32l015_it.o(.text.PendSV_Handler) for [Anonymous Symbol]
    cs32l015_it.o(.text.SysTick_Handler) refers to cs32l015_hal.o(.text.HAL_IncTick) for HAL_IncTick
    cs32l015_it.o(.ARM.exidx.text.SysTick_Handler) refers to cs32l015_it.o(.text.SysTick_Handler) for [Anonymous Symbol]
    log.o(.text.LogInit) refers to log.o(.text._SerialInit) for _SerialInit
[...]
    Removing cs32l015_hal_lpuart.o(.ARM.exidx.text.HAL_LPUART_AbortCpltCallback), (8 bytes).
    Removing cs32l015_hal_lpuart.o(.text.HAL_LPUART_AbortTransmit), (32 bytes).
    Removing cs32l015_hal_lpuart.o(.ARM.exidx.text.HAL_LPUART_AbortTransmit), (8 bytes).
    Removing cs32l015_hal_lpuart.o(.text.HAL_LPUART_AbortTransmitCpltCallback), (2 bytes).
    Removing cs32l015_hal_lpuart.o(.ARM.exidx.text.HAL_LPUART_AbortTransmitCpltCallback), (8 bytes).
    Removing cs32l015_hal_lpuart.o(.text.HAL_LPUART_AbortReceive), (30 bytes).
    Removing cs32l015_hal_lpuart.o(.ARM.exidx.text.HAL_LPUART_AbortReceive), (8 bytes).
    Removing cs32l015_hal_lpuart.o(.text.HAL_LPUART_AbortReceiveCpltCallback), (2 bytes).
    Removing cs32l015_hal_lpuart.o(.ARM.exidx.text.HAL_LPUART_AbortReceiveCpltCallback), (8 bytes).
    Removing cs32l015_hal_lpuart.o(.text.HAL_LPUART_IRQHandler), (112 bytes).
    Removing cs32l015_hal_lpuart.o(.ARM.exidx.text.HAL_LPUART_IRQHandler), (8 bytes).
    Removing cs32l015_hal_lpuart.o(.text.LPUART_Receive_IT), (208 bytes).
    Removing cs32l015_hal_lpuart.o(.ARM.exidx.text.LPUART_Receive_IT), (8 bytes).
    Removing cs32l015_hal_lpuart.o(.text.HAL_LPUART_ErrorCallback), (2 bytes).
    Removing cs32l015_hal_lpuart.o(.ARM.exidx.text.HAL_LPUART_ErrorCallback), (8 bytes).
    Removing cs32l015_hal_lpuart.o(.text.LPUART_Transmit_IT), (132 bytes).
    Removing cs32l015_hal_lpuart.o(.ARM.exidx.text.LPUART_Transmit_IT), (8 bytes).
    Removing cs32l015_hal_lpuart.o(.text.HAL_LPUART_TxCpltCallback), (2 bytes).
    Removing cs32l015_hal_lpuart.o(.ARM.exidx.text.HAL_LPUART_TxCpltCallback), (8 bytes).
    Removing cs32l015_hal_lpuart.o(.text.HAL_LPUART_RxCpltCallback), (2 bytes).
    Removing cs32l015_hal_lpuart.o(.ARM.exidx.text.HAL_LPUART_RxCpltCallback), (8 bytes).
    Removing cs32l015_hal_lpuart.o(.text.HAL_LPUART_GetState), (14 bytes).
    Removing cs32l015_hal_lpuart.o(.ARM.exidx.text.HAL_LPUART_GetState), (8 bytes).
    Removing cs32l015_hal_lpuart.o(.text.HAL_LPUART_GetError), (4 bytes).
    Removing cs32l015_hal_lpuart.o(.ARM.exidx.text.HAL_LPUART_GetError), (8 bytes).
    Removing cs32l015_hal_lpuart.o(.text.HAL_LPUART_CalcLowPowerBaudrate), (72 bytes).
    Removing cs32l015_hal_lpuart.o(.ARM.exidx.text.HAL_LPUART_CalcLowPowerBaudrate), (8 bytes).
    Removing cs32l015_hal_lpuart.o(.rodata.ParityTable256), (256 bytes).
    Removing cs32l015_hal_lvd.o(.text), (0 bytes).
    Removing cs32l015_hal_lvd.o(.text.HAL_LVD_Init), (46 bytes).
    Removing cs32l015_hal_lvd.o(.ARM.exidx.text.HAL_LVD_Init), (8 bytes).
    Removing cs32l015_hal_lvd.o(.text.HAL_LVD_MspInit), (2 bytes).
    Removing cs32l015_hal_lvd.o(.ARM.exidx.text.HAL_LVD_MspInit), (8 bytes).
    Removing cs32l015_hal_lvd.o(.text.LVD_SetConfig), (48 bytes).
    Removing cs32l015_hal_lvd.o(.ARM.exidx.text.LVD_SetConfig), (8 bytes).
    Removing cs32l015_hal_lvd.o(.text.HAL_LVD_DeInit), (36 bytes).
    Removing cs32l015_hal_lvd.o(.ARM.exidx.text.HAL_LVD_DeInit), (8 bytes).
    Removing cs32l015_hal_lvd.o(.text.HAL_LVD_MspDeInit), (2 bytes).
    Removing cs32l015_hal_lvd.o(.ARM.exidx.text.HAL_LVD_MspDeInit), (8 bytes).
    Removing cs32l015_hal_lvd.o(.text.HAL_LVD_Enable), (22 bytes).
    Removing cs32l015_hal_lvd.o(.ARM.exidx.text.HAL_LVD_Enable), (8 bytes).
    Removing cs32l015_hal_lvd.o(.text.HAL_LVD_Enable_IT), (32 bytes).
    Removing cs32l015_hal_lvd.o(.ARM.exidx.text.HAL_LVD_Enable_IT), (8 bytes).
    Removing cs32l015_hal_lvd.o(.text.HAL_LVD_Disable), (32 bytes).
    Removing cs32l015_hal_lvd.o(.ARM.exidx.text.HAL_LVD_Disable), (8 bytes).
    Removing cs32l015_hal_lvd.o(.text.HAL_LVD_IRQHandler), (32 bytes).
    Removing cs32l015_hal_lvd.o(.ARM.exidx.text.HAL_LVD_IRQHandler), (8 bytes).
    Removing cs32l015_hal_lvd.o(.text.HAL_LVD_InterruptCallback), (2 bytes).
    Removing cs32l015_hal_lvd.o(.ARM.exidx.text.HAL_LVD_InterruptCallback), (8 bytes).
    Removing cs32l015_hal_opa.o(.text), (0 bytes).
    Removing cs32l015_hal_opa.o(.text.HAL_OPA_MspInit), (2 bytes).
    Removing cs32l015_hal_opa.o(.ARM.exidx.text.HAL_OPA_MspInit), (8 bytes).
    Removing cs32l015_hal_opa.o(.text.HAL_OPA_MspDeInit), (2 bytes).
    Removing cs32l015_hal_opa.o(.ARM.exidx.text.HAL_OPA_MspDeInit), (8 bytes).
    Removing cs32l015_hal_opa.o(.text.HAL_OPA_Init), (264 bytes).
    Removing cs32l015_hal_opa.o(.ARM.exidx.text.HAL_OPA_Init), (8 bytes).
    Removing cs32l015_hal_opa.o(.text.HAL_OPA_DeInit), (44 bytes).
    Removing cs32l015_hal_opa.o(.ARM.exidx.text.HAL_OPA_DeInit), (8 bytes).
    Removing cs32l015_hal_opa.o(.text.HAL_OPA_Start), (134 bytes).
    Removing cs32l015_hal_opa.o(.ARM.exidx.text.HAL_OPA_Start), (8 bytes).
    Removing cs32l015_hal_opa.o(.text.HAL_OPA_Stop), (82 bytes).
    Removing cs32l015_hal_opa.o(.ARM.exidx.text.HAL_OPA_Stop), (8 bytes).
    Removing cs32l015_hal_opa.o(.text.HAL_OPA_Config), (288 bytes).
    Removing cs32l015_hal_opa.o(.ARM.exidx.text.HAL_OPA_Config), (8 bytes).
    Removing cs32l015_hal_owi.o(.text), (0 bytes).
    Removing cs32l015_hal_owi.o(.text.HAL_OWI_Init), (148 bytes).
    Removing cs32l015_hal_owi.o(.ARM.exidx.text.HAL_OWI_Init), (8 bytes).
    Removing cs32l015_hal_owi.o(.text.HAL_OWI_MspInit), (2 bytes).
    Removing cs32l015_hal_owi.o(.ARM.exidx.text.HAL_OWI_MspInit), (8 bytes).
    Removing cs32l015_hal_owi.o(.text.HAL_OWI_DeInit), (36 bytes).
    Removing cs32l015_hal_owi.o(.ARM.exidx.text.HAL_OWI_DeInit), (8 bytes).
    Removing cs32l015_hal_owi.o(.text.HAL_OWI_MspDeInit), (2 bytes).
    Removing cs32l015_hal_owi.o(.ARM.exidx.text.HAL_OWI_MspDeInit), (8 bytes).
    Removing cs32l015_hal_owi.o(.text.HAL_OWI_Transmit), (190 bytes).
    Removing cs32l015_hal_owi.o(.ARM.exidx.text.HAL_OWI_Transmit), (8 bytes).
    Removing cs32l015_hal_owi.o(.text.OWI_WaitOnFlagUntilTimeout), (82 bytes).
    Removing cs32l015_hal_owi.o(.ARM.exidx.text.OWI_WaitOnFlagUntilTimeout), (8 bytes).
    Removing cs32l015_hal_owi.o(.text.HAL_OWI_Receive), (194 bytes).
    Removing cs32l015_hal_owi.o(.ARM.exidx.text.HAL_OWI_Receive), (8 bytes).
    Removing cs32l015_hal_owi.o(.text.HAL_OWI_TransmitReceive), (294 bytes).
    Removing cs32l015_hal_owi.o(.ARM.exidx.text.HAL_OWI_TransmitReceive), (8 bytes).
    Removing cs32l015_hal_owi.o(.text.HAL_OWI_Transmit_IT), (68 bytes).
    Removing cs32l015_hal_owi.o(.ARM.exidx.text.HAL_OWI_Transmit_IT), (8 bytes).
    Removing cs32l015_hal_owi.o(.text.HAL_OWI_Receive_IT), (68 bytes).
    Removing cs32l015_hal_owi.o(.ARM.exidx.text.HAL_OWI_Receive_IT), (8 bytes).
    Removing cs32l015_hal_owi.o(.text.HAL_OWI_TransmitReceive_IT), (84 bytes).
    Removing cs32l015_hal_owi.o(.ARM.exidx.text.HAL_OWI_TransmitReceive_IT), (8 bytes).
    Removing cs32l015_hal_owi.o(.text.HAL_OWI_IRQHandler), (78 bytes).
    Removing cs32l015_hal_owi.o(.ARM.exidx.text.HAL_OWI_IRQHandler), (8 bytes).
    Removing cs32l015_hal_owi.o(.text.OWI_InitDoneISR), (48 bytes).
    Removing cs32l015_hal_owi.o(.ARM.exidx.text.OWI_InitDoneISR), (8 bytes).
    Removing cs32l015_hal_owi.o(.text.OWI_TxDoneISR), (86 bytes).
    Removing cs32l015_hal_owi.o(.ARM.exidx.text.OWI_TxDoneISR), (8 bytes).
    Removing cs32l015_hal_owi.o(.text.OWI_RxDoneISR), (90 bytes).
    Removing cs32l015_hal_owi.o(.ARM.exidx.text.OWI_RxDoneISR), (8 bytes).
    Removing cs32l015_hal_owi.o(.text.HAL_OWI_Command_Init), (48 bytes).
    Removing cs32l015_hal_owi.o(.ARM.exidx.text.HAL_OWI_Command_Init), (8 bytes).
    Removing cs32l015_hal_owi.o(.text.HAL_OWI_Command_Tx), (78 bytes).
    Removing cs32l015_hal_owi.o(.ARM.exidx.text.HAL_OWI_Command_Tx), (8 bytes).
    Removing cs32l015_hal_owi.o(.text.HAL_OWI_Command_Rx), (78 bytes).
    Removing cs32l015_hal_owi.o(.ARM.exidx.text.HAL_OWI_Command_Rx), (8 bytes).
    Removing cs32l015_hal_owi.o(.text.HAL_OWI_Command_Init_IT_Start), (10 bytes).
    Removing cs32l015_hal_owi.o(.ARM.exidx.text.HAL_OWI_Command_Init_IT_Start), (8 bytes).
    Removing cs32l015_hal_owi.o(.text.HAL_OWI_Command_Tx_IT_Start), (60 bytes).
    Removing cs32l015_hal_owi.o(.ARM.exidx.text.HAL_OWI_Command_Tx_IT_Start), (8 bytes).
    Removing cs32l015_hal_owi.o(.text.HAL_OWI_Command_Rx_IT_Start), (32 bytes).
    Removing cs32l015_hal_owi.o(.ARM.exidx.text.HAL_OWI_Command_Rx_IT_Start), (8 bytes).
    Removing cs32l015_hal_owi.o(.text.HAL_OWI_InitDoneCallback), (2 bytes).
    Removing cs32l015_hal_owi.o(.ARM.exidx.text.HAL_OWI_InitDoneCallback), (8 bytes).
    Removing cs32l015_hal_owi.o(.text.HAL_OWI_TxCpltCallback), (2 bytes).
    Removing cs32l015_hal_owi.o(.ARM.exidx.text.HAL_OWI_TxCpltCallback), (8 bytes).
    Removing cs32l015_hal_owi.o(.text.HAL_OWI_RxCpltCallback), (2 bytes).
    Removing cs32l015_hal_owi.o(.ARM.exidx.text.HAL_OWI_RxCpltCallback), (8 bytes).
    Removing cs32l015_hal_owi.o(.text.HAL_OWI_TxRxCpltCallback), (2 bytes).
    Removing cs32l015_hal_owi.o(.ARM.exidx.text.HAL_OWI_TxRxCpltCallback), (8 bytes).
    Removing cs32l015_hal_owi.o(.text.HAL_OWI_ErrorCallback), (2 bytes).
    Removing cs32l015_hal_owi.o(.ARM.exidx.text.HAL_OWI_ErrorCallback), (8 bytes).
    Removing cs32l015_hal_pca.o(.text), (0 bytes).
    Removing cs32l015_hal_pca.o(.text.HAL_PCA_Base_Init), (48 bytes).
    Removing cs32l015_hal_pca.o(.ARM.exidx.text.HAL_PCA_Base_Init), (8 bytes).
    Removing cs32l015_hal_pca.o(.text.HAL_PCA_Base_MspInit), (2 bytes).
    Removing cs32l015_hal_pca.o(.ARM.exidx.text.HAL_PCA_Base_MspInit), (8 bytes).
    Removing cs32l015_hal_pca.o(.text.PCA_Base_SetConfig), (26 bytes).
    Removing cs32l015_hal_pca.o(.ARM.exidx.text.PCA_Base_SetConfig), (8 bytes).
    Removing cs32l015_hal_pca.o(.text.HAL_PCA_Base_DeInit), (32 bytes).
    Removing cs32l015_hal_pca.o(.ARM.exidx.text.HAL_PCA_Base_DeInit), (8 bytes).
    Removing cs32l015_hal_pca.o(.text.HAL_PCA_Base_MspDeInit), (2 bytes).
    Removing cs32l015_hal_pca.o(.ARM.exidx.text.HAL_PCA_Base_MspDeInit), (8 bytes).
    Removing cs32l015_hal_pca.o(.text.HAL_PCA_IC_Init), (48 bytes).
    Removing cs32l015_hal_pca.o(.ARM.exidx.text.HAL_PCA_IC_Init), (8 bytes).
    Removing cs32l015_hal_pca.o(.text.HAL_PCA_IC_MspInit), (2 bytes).
    Removing cs32l015_hal_pca.o(.ARM.exidx.text.HAL_PCA_IC_MspInit), (8 bytes).
    Removing cs32l015_hal_pca.o(.text.HAL_PCA_IC_DeInit), (32 bytes).
    Removing cs32l015_hal_pca.o(.ARM.exidx.text.HAL_PCA_IC_DeInit), (8 bytes).
    Removing cs32l015_hal_pca.o(.text.HAL_PCA_IC_MspDeInit), (2 bytes).
    Removing cs32l015_hal_pca.o(.ARM.exidx.text.HAL_PCA_IC_MspDeInit), (8 bytes).
    Removing cs32l015_hal_pca.o(.text.HAL_PCA_OC_Init), (48 bytes).
    Removing cs32l015_hal_pca.o(.ARM.exidx.text.HAL_PCA_OC_Init), (8 bytes).
    Removing cs32l015_hal_pca.o(.text.HAL_PCA_OC_MspInit), (2 bytes).
    Removing cs32l015_hal_pca.o(.ARM.exidx.text.HAL_PCA_OC_MspInit), (8 bytes).
    Removing cs32l015_hal_pca.o(.text.HAL_PCA_OC_DeInit), (32 bytes).
    Removing cs32l015_hal_pca.o(.ARM.exidx.text.HAL_PCA_OC_DeInit), (8 bytes).
    Removing cs32l015_hal_pca.o(.text.HAL_PCA_OC_MspDeInit), (2 bytes).
    Removing cs32l015_hal_pca.o(.ARM.exidx.text.HAL_PCA_OC_MspDeInit), (8 bytes).
    Removing cs32l015_hal_pca.o(.text.HAL_PCA_Start), (22 bytes).
    Removing cs32l015_hal_pca.o(.ARM.exidx.text.HAL_PCA_Start), (8 bytes).
    Removing cs32l015_hal_pca.o(.text.HAL_PCA_Stop), (22 bytes).
    Removing cs32l015_hal_pca.o(.ARM.exidx.text.HAL_PCA_Stop), (8 bytes).
    Removing cs32l015_hal_pca.o(.text.HAL_PCA_Start_IT), (122 bytes).
    Removing cs32l015_hal_pca.o(.ARM.exidx.text.HAL_PCA_Start_IT), (8 bytes).
    Removing cs32l015_hal_pca.o(.text.HAL_PCA_Stop_IT), (122 bytes).
    Removing cs32l015_hal_pca.o(.ARM.exidx.text.HAL_PCA_Stop_IT), (8 bytes).
    Removing cs32l015_hal_pca.o(.text.HAL_PCA_OC_Start), (104 bytes).
    Removing cs32l015_hal_pca.o(.ARM.exidx.text.HAL_PCA_OC_Start), (8 bytes).
    Removing cs32l015_hal_pca.o(.text.HAL_PCA_OC_Stop), (104 bytes).
    Removing cs32l015_hal_pca.o(.ARM.exidx.text.HAL_PCA_OC_Stop), (8 bytes).
    Removing cs32l015_hal_pca.o(.text.HAL_PCA_OC_Start_IT), (164 bytes).
    Removing cs32l015_hal_pca.o(.ARM.exidx.text.HAL_PCA_OC_Start_IT), (8 bytes).
    Removing cs32l015_hal_pca.o(.text.HAL_PCA_OC_Stop_IT), (164 bytes).
    Removing cs32l015_hal_pca.o(.ARM.exidx.text.HAL_PCA_OC_Stop_IT), (8 bytes).
    Removing cs32l015_hal_pca.o(.text.HAL_PCA_IRQHandler), (244 bytes).
    Removing cs32l015_hal_pca.o(.ARM.exidx.text.HAL_PCA_IRQHandler), (8 bytes).
    Removing cs32l015_hal_pca.o(.text.HAL_PCA_OutputCompareCallback), (2 bytes).
    Removing cs32l015_hal_pca.o(.ARM.exidx.text.HAL_PCA_OutputCompareCallback), (8 bytes).
    Removing cs32l015_hal_pca.o(.text.HAL_PCA_InputCaptureCallback), (2 bytes).
    Removing cs32l015_hal_pca.o(.ARM.exidx.text.HAL_PCA_InputCaptureCallback), (8 bytes).
    Removing cs32l015_hal_pca.o(.text.HAL_PCA_OverflowCallback), (2 bytes).
    Removing cs32l015_hal_pca.o(.ARM.exidx.text.HAL_PCA_OverflowCallback), (8 bytes).
    Removing cs32l015_hal_pca.o(.text.HAL_PCA_IC_ConfigChannel), (108 bytes).
    Removing cs32l015_hal_pca.o(.ARM.exidx.text.HAL_PCA_IC_ConfigChannel), (8 bytes).
    Removing cs32l015_hal_pca.o(.text.PCA_TI0_SetConfig), (12 bytes).
    Removing cs32l015_hal_pca.o(.ARM.exidx.text.PCA_TI0_SetConfig), (8 bytes).
    Removing cs32l015_hal_pca.o(.text.PCA_TI1_SetConfig), (12 bytes).
    Removing cs32l015_hal_pca.o(.ARM.exidx.text.PCA_TI1_SetConfig), (8 bytes).
    Removing cs32l015_hal_pca.o(.text.PCA_TI2_SetConfig), (12 bytes).
    Removing cs32l015_hal_pca.o(.ARM.exidx.text.PCA_TI2_SetConfig), (8 bytes).
    Removing cs32l015_hal_pca.o(.text.PCA_TI3_SetConfig), (12 bytes).
    Removing cs32l015_hal_pca.o(.ARM.exidx.text.PCA_TI3_SetConfig), (8 bytes).
    Removing cs32l015_hal_pca.o(.text.PCA_TI4_SetConfig), (12 bytes).
    Removing cs32l015_hal_pca.o(.ARM.exidx.text.PCA_TI4_SetConfig), (8 bytes).
    Removing cs32l015_hal_pca.o(.text.HAL_PCA_OC_ConfigChannel), (98 bytes).
    Removing cs32l015_hal_pca.o(.ARM.exidx.text.HAL_PCA_OC_ConfigChannel), (8 bytes).
    Removing cs32l015_hal_pca.o(.text.PCA_OC0_SetConfig), (34 bytes).
    Removing cs32l015_hal_pca.o(.ARM.exidx.text.PCA_OC0_SetConfig), (8 bytes).
    Removing cs32l015_hal_pca.o(.text.PCA_OC1_SetConfig), (34 bytes).
    Removing cs32l015_hal_pca.o(.ARM.exidx.text.PCA_OC1_SetConfig), (8 bytes).
    Removing cs32l015_hal_pca.o(.text.PCA_OC2_SetConfig), (34 bytes).
    Removing cs32l015_hal_pca.o(.ARM.exidx.text.PCA_OC2_SetConfig), (8 bytes).
    Removing cs32l015_hal_pca.o(.text.PCA_OC3_SetConfig), (34 bytes).
    Removing cs32l015_hal_pca.o(.ARM.exidx.text.PCA_OC3_SetConfig), (8 bytes).
    Removing cs32l015_hal_pca.o(.text.PCA_OC4_SetConfig), (34 bytes).
    Removing cs32l015_hal_pca.o(.ARM.exidx.text.PCA_OC4_SetConfig), (8 bytes).
    Removing cs32l015_hal_pca.o(.text.HAL_PCA_OC_SetPeriod), (92 bytes).
    Removing cs32l015_hal_pca.o(.ARM.exidx.text.HAL_PCA_OC_SetPeriod), (8 bytes).
    Removing cs32l015_hal_pca.o(.text.PCA_OC0_ConfigSetPeriod), (14 bytes).
    Removing cs32l015_hal_pca.o(.ARM.exidx.text.PCA_OC0_ConfigSetPeriod), (8 bytes).
    Removing cs32l015_hal_pca.o(.text.PCA_OC1_ConfigSetPeriod), (14 bytes).
    Removing cs32l015_hal_pca.o(.ARM.exidx.text.PCA_OC1_ConfigSetPeriod), (8 bytes).
    Removing cs32l015_hal_pca.o(.text.PCA_OC2_ConfigSetPeriod), (14 bytes).
    Removing cs32l015_hal_pca.o(.ARM.exidx.text.PCA_OC2_ConfigSetPeriod), (8 bytes).
    Removing cs32l015_hal_pca.o(.text.PCA_OC3_ConfigSetPeriod), (14 bytes).
    Removing cs32l015_hal_pca.o(.ARM.exidx.text.PCA_OC3_ConfigSetPeriod), (8 bytes).
    Removing cs32l015_hal_pca.o(.text.PCA_OC4_ConfigSetPeriod), (14 bytes).
    Removing cs32l015_hal_pca.o(.ARM.exidx.text.PCA_OC4_ConfigSetPeriod), (8 bytes).
    Removing cs32l015_hal_pwr.o(.text), (0 bytes).
    Removing cs32l015_hal_pwr.o(.text.HAL_PWR_EnterSleepMode), (32 bytes).
    Removing cs32l015_hal_pwr.o(.ARM.exidx.text.HAL_PWR_EnterSleepMode), (8 bytes).
    Removing cs32l015_hal_pwr.o(.text.HAL_PWR_EnterDeepSleepMode), (352 bytes).
    Removing cs32l015_hal_pwr.o(.ARM.exidx.text.HAL_PWR_EnterDeepSleepMode), (8 bytes).
    Removing cs32l015_hal_pwr.o(.text.HAL_PWR_EnableSleepOnExit), (16 bytes).
    Removing cs32l015_hal_pwr.o(.ARM.exidx.text.HAL_PWR_EnableSleepOnExit), (8 bytes).
    Removing cs32l015_hal_pwr.o(.text.HAL_PWR_DisableSleepOnExit), (16 bytes).
    Removing cs32l015_hal_pwr.o(.ARM.exidx.text.HAL_PWR_DisableSleepOnExit), (8 bytes).
    Removing cs32l015_hal_pwr.o(.text.HAL_PWR_EnableSEVOnPend), (16 bytes).
    Removing cs32l015_hal_pwr.o(.ARM.exidx.text.HAL_PWR_EnableSEVOnPend), (8 bytes).
    Removing cs32l015_hal_pwr.o(.text.HAL_PWR_DisableSEVOnPend), (16 bytes).
    Removing cs32l015_hal_pwr.o(.ARM.exidx.text.HAL_PWR_DisableSEVOnPend), (8 bytes).
    Removing cs32l015_hal_rcc.o(.text), (0 bytes).
    Removing cs32l015_hal_rcc.o(.text.HAL_RCC_DeInit), (288 bytes).
    Removing cs32l015_hal_rcc.o(.ARM.exidx.text.HAL_RCC_DeInit), (8 bytes).
    Removing cs32l015_hal_rcc.o(.ARM.exidx.text.HAL_RCC_OscConfig), (8 bytes).
    Removing cs32l015_hal_rcc.o(.ARM.exidx.text.RCC_Delay), (8 bytes).
    Removing cs32l015_hal_rcc.o(.ARM.exidx.text.HAL_RCC_ClockConfig), (8 bytes).
    Removing cs32l015_hal_rcc.o(.ARM.exidx.text.HAL_RCC_GetSysClockFreq), (8 bytes).
    Removing cs32l015_hal_rcc.o(.text.HAL_RCC_MCOConfig), (104 bytes).
    Removing cs32l015_hal_rcc.o(.ARM.exidx.text.HAL_RCC_MCOConfig), (8 bytes).
    Removing cs32l015_hal_rcc.o(.ARM.exidx.text.HAL_RCC_GetHCLKFreq), (8 bytes).
    Removing cs32l015_hal_rcc.o(.ARM.exidx.text.HAL_RCC_GetPCLKFreq), (8 bytes).
    Removing cs32l015_hal_rcc.o(.text.HAL_RCC_GetOscConfig), (96 bytes).
    Removing cs32l015_hal_rcc.o(.ARM.exidx.text.HAL_RCC_GetOscConfig), (8 bytes).
    Removing cs32l015_hal_rcc.o(.text.HAL_RCC_GetClockConfig), (32 bytes).
    Removing cs32l015_hal_rcc.o(.ARM.exidx.text.HAL_RCC_GetClockConfig), (8 bytes).
    Removing cs32l015_hal_rtc.o(.text), (0 bytes).
    Removing cs32l015_hal_rtc.o(.text.HAL_RTC_Init), (276 bytes).
    Removing cs32l015_hal_rtc.o(.ARM.exidx.text.HAL_RTC_Init), (8 bytes).
    Removing cs32l015_hal_rtc.o(.text.HAL_RTC_MspInit), (2 bytes).
    Removing cs32l015_hal_rtc.o(.ARM.exidx.text.HAL_RTC_MspInit), (8 bytes).
    Removing cs32l015_hal_rtc.o(.text.RTC_Disable_Write_Protected), (12 bytes).
    Removing cs32l015_hal_rtc.o(.ARM.exidx.text.RTC_Disable_Write_Protected), (8 bytes).
    Removing cs32l015_hal_rtc.o(.text.HAL_RTC_DeInit), (140 bytes).
    Removing cs32l015_hal_rtc.o(.ARM.exidx.text.HAL_RTC_DeInit), (8 bytes).
    Removing cs32l015_hal_rtc.o(.text.HAL_RTC_MspDeInit), (2 bytes).
    Removing cs32l015_hal_rtc.o(.ARM.exidx.text.HAL_RTC_MspDeInit), (8 bytes).
    Removing cs32l015_hal_rtc.o(.text.HAL_RTC_SetTime), (238 bytes).
    Removing cs32l015_hal_rtc.o(.ARM.exidx.text.HAL_RTC_SetTime), (8 bytes).
    Removing cs32l015_hal_rtc.o(.text.RTC_ByteToBcd2), (38 bytes).
    Removing cs32l015_hal_rtc.o(.ARM.exidx.text.RTC_ByteToBcd2), (8 bytes).
    Removing cs32l015_hal_rtc.o(.text.RTC_Enter_Init_Mode), (60 bytes).
    Removing cs32l015_hal_rtc.o(.ARM.exidx.text.RTC_Enter_Init_Mode), (8 bytes).
    Removing cs32l015_hal_rtc.o(.text.RTC_Exit_Init_Mode), (60 bytes).
    Removing cs32l015_hal_rtc.o(.ARM.exidx.text.RTC_Exit_Init_Mode), (8 bytes).
    Removing cs32l015_hal_rtc.o(.text.HAL_RTC_SetTime_SetDate), (376 bytes).
    Removing cs32l015_hal_rtc.o(.ARM.exidx.text.HAL_RTC_SetTime_SetDate), (8 bytes).
    Removing cs32l015_hal_rtc.o(.text.HAL_RTC_GetTime_Date), (244 bytes).
    Removing cs32l015_hal_rtc.o(.ARM.exidx.text.HAL_RTC_GetTime_Date), (8 bytes).
    Removing cs32l015_hal_rtc.o(.text.RTC_Get_RSF_Flag), (16 bytes).
    Removing cs32l015_hal_rtc.o(.ARM.exidx.text.RTC_Get_RSF_Flag), (8 bytes).
    Removing cs32l015_hal_rtc.o(.text.RTC_Clear_RSF_Flag), (24 bytes).
    Removing cs32l015_hal_rtc.o(.ARM.exidx.text.RTC_Clear_RSF_Flag), (8 bytes).
    Removing cs32l015_hal_rtc.o(.text.RTC_Bcd2ToByte), (16 bytes).
    Removing cs32l015_hal_rtc.o(.ARM.exidx.text.RTC_Bcd2ToByte), (8 bytes).
    Removing cs32l015_hal_rtc.o(.text.HAL_RTC_SetDate), (222 bytes).
    Removing cs32l015_hal_rtc.o(.ARM.exidx.text.HAL_RTC_SetDate), (8 bytes).
    Removing cs32l015_hal_rtc.o(.text.HAL_RTC_Alarm1_SetTime), (168 bytes).
    Removing cs32l015_hal_rtc.o(.ARM.exidx.text.HAL_RTC_Alarm1_SetTime), (8 bytes).
    Removing cs32l015_hal_rtc.o(.text.HAL_RTC_Alarm1_SetDate), (166 bytes).
    Removing cs32l015_hal_rtc.o(.ARM.exidx.text.HAL_RTC_Alarm1_SetDate), (8 bytes).
    Removing cs32l015_hal_rtc.o(.text.HAL_RTC_Alarm1_GetTime), (72 bytes).
    Removing cs32l015_hal_rtc.o(.ARM.exidx.text.HAL_RTC_Alarm1_GetTime), (8 bytes).
    Removing cs32l015_hal_rtc.o(.text.HAL_RTC_Alarm1_GetDate), (80 bytes).
    Removing cs32l015_hal_rtc.o(.ARM.exidx.text.HAL_RTC_Alarm1_GetDate), (8 bytes).
    Removing cs32l015_hal_rtc.o(.text.HAL_RTC_Alarm_INT_Config), (52 bytes).
    Removing cs32l015_hal_rtc.o(.ARM.exidx.text.HAL_RTC_Alarm_INT_Config), (8 bytes).
    Removing cs32l015_hal_rtc.o(.text.HAL_RTC_Alarm1_Config), (64 bytes).
    Removing cs32l015_hal_rtc.o(.ARM.exidx.text.HAL_RTC_Alarm1_Config), (8 bytes).
    Removing cs32l015_hal_rtc.o(.text.HAL_RTC_Alarm1_Set_INT_Source), (30 bytes).
    Removing cs32l015_hal_rtc.o(.ARM.exidx.text.HAL_RTC_Alarm1_Set_INT_Source), (8 bytes).
    Removing cs32l015_hal_rtc.o(.text.HAL_RTC_Alarm2_Config), (66 bytes).
    Removing cs32l015_hal_rtc.o(.ARM.exidx.text.HAL_RTC_Alarm2_Config), (8 bytes).
    Removing cs32l015_hal_rtc.o(.text.HAL_RTC_GetState), (4 bytes).
    Removing cs32l015_hal_rtc.o(.ARM.exidx.text.HAL_RTC_GetState), (8 bytes).
    Removing cs32l015_hal_rtc.o(.text.HAL_RTC_Alarm_Get_Flag), (28 bytes).
    Removing cs32l015_hal_rtc.o(.ARM.exidx.text.HAL_RTC_Alarm_Get_Flag), (8 bytes).
    Removing cs32l015_hal_rtc.o(.text.HAL_RTC_Alarm_Clear_Flag), (32 bytes).
    Removing cs32l015_hal_rtc.o(.ARM.exidx.text.HAL_RTC_Alarm_Clear_Flag), (8 bytes).
    Removing cs32l015_hal_rtc.o(.text.HAL_RTC_Alarm1Callback), (2 bytes).
    Removing cs32l015_hal_rtc.o(.ARM.exidx.text.HAL_RTC_Alarm1Callback), (8 bytes).
    Removing cs32l015_hal_rtc.o(.text.HAL_RTC_Alarm2Callback), (2 bytes).
    Removing cs32l015_hal_rtc.o(.ARM.exidx.text.HAL_RTC_Alarm2Callback), (8 bytes).
    Removing cs32l015_hal_rtc.o(.text.HAL_RTC_IRQHandler), (44 bytes).
    Removing cs32l015_hal_rtc.o(.ARM.exidx.text.HAL_RTC_IRQHandler), (8 bytes).
    Removing cs32l015_hal_rtc.o(.text.HAL_RTC_1HZ_Config), (70 bytes).
    Removing cs32l015_hal_rtc.o(.ARM.exidx.text.HAL_RTC_1HZ_Config), (8 bytes).
    Removing cs32l015_hal_spi.o(.text), (0 bytes).
    Removing cs32l015_hal_spi.o(.text.HAL_SPI_MspInit), (2 bytes).
    Removing cs32l015_hal_spi.o(.ARM.exidx.text.HAL_SPI_MspInit), (8 bytes).
    Removing cs32l015_hal_spi.o(.text.HAL_SPI_MspDeInit), (2 bytes).
    Removing cs32l015_hal_spi.o(.ARM.exidx.text.HAL_SPI_MspDeInit), (8 bytes).
    Removing cs32l015_hal_spi.o(.text.HAL_SPI_TxCmpltCallback), (2 bytes).
    Removing cs32l015_hal_spi.o(.ARM.exidx.text.HAL_SPI_TxCmpltCallback), (8 bytes).
    Removing cs32l015_hal_spi.o(.text.HAL_SPI_RxCmpltCallback), (2 bytes).
    Removing cs32l015_hal_spi.o(.ARM.exidx.text.HAL_SPI_RxCmpltCallback), (8 bytes).
    Removing cs32l015_hal_spi.o(.text.HAL_SPI_ErrorCallback), (2 bytes).
    Removing cs32l015_hal_spi.o(.ARM.exidx.text.HAL_SPI_ErrorCallback), (8 bytes).
    Removing cs32l015_hal_spi.o(.text.HAL_SPI_Init), (174 bytes).
    Removing cs32l015_hal_spi.o(.ARM.exidx.text.HAL_SPI_Init), (8 bytes).
    Removing cs32l015_hal_spi.o(.text.HAL_SPI_DeInit), (56 bytes).
    Removing cs32l015_hal_spi.o(.ARM.exidx.text.HAL_SPI_DeInit), (8 bytes).
    Removing cs32l015_hal_spi.o(.text.HAL_SPI_Transmit), (260 bytes).
    Removing cs32l015_hal_spi.o(.ARM.exidx.text.HAL_SPI_Transmit), (8 bytes).
    Removing cs32l015_hal_spi.o(.text.HAL_SPI_Receive), (288 bytes).
    Removing cs32l015_hal_spi.o(.ARM.exidx.text.HAL_SPI_Receive), (8 bytes).
    Removing cs32l015_hal_spi.o(.text.HAL_SPI_TransmitReceive), (274 bytes).
    Removing cs32l015_hal_spi.o(.ARM.exidx.text.HAL_SPI_TransmitReceive), (8 bytes).
    Removing cs32l015_hal_spi.o(.text.HAL_SPI_Transmit_IT), (140 bytes).
    Removing cs32l015_hal_spi.o(.ARM.exidx.text.HAL_SPI_Transmit_IT), (8 bytes).
    Removing cs32l015_hal_spi.o(.text.HAL_SPI_Receive_IT), (134 bytes).
    Removing cs32l015_hal_spi.o(.ARM.exidx.text.HAL_SPI_Receive_IT), (8 bytes).
    Removing cs32l015_hal_spi.o(.text.HAL_SPI_TransmitReceive_IT), (148 bytes).
    Removing cs32l015_hal_spi.o(.ARM.exidx.text.HAL_SPI_TransmitReceive_IT), (8 bytes).
    Removing cs32l015_hal_spi.o(.text.HAL_SPI_Get_SCK), (92 bytes).
    Removing cs32l015_hal_spi.o(.ARM.exidx.text.HAL_SPI_Get_SCK), (8 bytes).
    Removing cs32l015_hal_spi.o(.text.HAL_SPI_Calc_Delay), (128 bytes).
    Removing cs32l015_hal_spi.o(.ARM.exidx.text.HAL_SPI_Calc_Delay), (8 bytes).
    Removing cs32l015_hal_spi.o(.text.HAL_SPI_IRQHandler), (252 bytes).
    Removing cs32l015_hal_spi.o(.ARM.exidx.text.HAL_SPI_IRQHandler), (8 bytes).
    Removing cs32l015_hal_tim.o(.text), (0 bytes).
    Removing cs32l015_hal_tim.o(.text.HAL_TIM_Base_Init), (48 bytes).
    Removing cs32l015_hal_tim.o(.ARM.exidx.text.HAL_TIM_Base_Init), (8 bytes).
    Removing cs32l015_hal_tim.o(.text.HAL_TIM_Base_MspInit), (2 bytes).
    Removing cs32l015_hal_tim.o(.ARM.exidx.text.HAL_TIM_Base_MspInit), (8 bytes).
    Removing cs32l015_hal_tim.o(.text.TIM_Base_SetConfig), (256 bytes).
    Removing cs32l015_hal_tim.o(.ARM.exidx.text.TIM_Base_SetConfig), (8 bytes).
    Removing cs32l015_hal_tim.o(.text.HAL_TIM_Base_DeInit), (56 bytes).
    Removing cs32l015_hal_tim.o(.ARM.exidx.text.HAL_TIM_Base_DeInit), (8 bytes).
    Removing cs32l015_hal_tim.o(.text.HAL_TIM_Base_MspDeInit), (2 bytes).
    Removing cs32l015_hal_tim.o(.ARM.exidx.text.HAL_TIM_Base_MspDeInit), (8 bytes).
    Removing cs32l015_hal_tim.o(.text.HAL_TIM_Base_Start), (20 bytes).
    Removing cs32l015_hal_tim.o(.ARM.exidx.text.HAL_TIM_Base_Start), (8 bytes).
    Removing cs32l015_hal_tim.o(.text.HAL_TIM_Base_Stop), (48 bytes).
    Removing cs32l015_hal_tim.o(.ARM.exidx.text.HAL_TIM_Base_Stop), (8 bytes).
    Removing cs32l015_hal_tim.o(.text.HAL_TIM_Base_Start_IT), (20 bytes).
    Removing cs32l015_hal_tim.o(.ARM.exidx.text.HAL_TIM_Base_Start_IT), (8 bytes).
    Removing cs32l015_hal_tim.o(.text.HAL_TIM_Base_Stop_IT), (48 bytes).
    Removing cs32l015_hal_tim.o(.ARM.exidx.text.HAL_TIM_Base_Stop_IT), (8 bytes).
    Removing cs32l015_hal_tim.o(.text.HAL_TIM_OC_Init), (48 bytes).
    Removing cs32l015_hal_tim.o(.ARM.exidx.text.HAL_TIM_OC_Init), (8 bytes).
    Removing cs32l015_hal_tim.o(.text.HAL_TIM_OC_MspInit), (2 bytes).
    Removing cs32l015_hal_tim.o(.ARM.exidx.text.HAL_TIM_OC_MspInit), (8 bytes).
    Removing cs32l015_hal_tim.o(.text.HAL_TIM_OC_DeInit), (56 bytes).
    Removing cs32l015_hal_tim.o(.ARM.exidx.text.HAL_TIM_OC_DeInit), (8 bytes).
    Removing cs32l015_hal_tim.o(.text.HAL_TIM_OC_MspDeInit), (2 bytes).
    Removing cs32l015_hal_tim.o(.ARM.exidx.text.HAL_TIM_OC_MspDeInit), (8 bytes).
    Removing cs32l015_hal_tim.o(.text.HAL_TIM_OC_Start), (64 bytes).
    Removing cs32l015_hal_tim.o(.ARM.exidx.text.HAL_TIM_OC_Start), (8 bytes).
    Removing cs32l015_hal_tim.o(.text.TIM_CCxChannelCmd), (18 bytes).
    Removing cs32l015_hal_tim.o(.ARM.exidx.text.TIM_CCxChannelCmd), (8 bytes).
    Removing cs32l015_hal_tim.o(.text.HAL_TIM_OC_Stop), (108 bytes).
    Removing cs32l015_hal_tim.o(.ARM.exidx.text.HAL_TIM_OC_Stop), (8 bytes).
    Removing cs32l015_hal_tim.o(.text.HAL_TIM_OC_Start_IT), (108 bytes).
    Removing cs32l015_hal_tim.o(.ARM.exidx.text.HAL_TIM_OC_Start_IT), (8 bytes).
    Removing cs32l015_hal_tim.o(.text.HAL_TIM_OC_Stop_IT), (156 bytes).
    Removing cs32l015_hal_tim.o(.ARM.exidx.text.HAL_TIM_OC_Stop_IT), (8 bytes).
    Removing cs32l015_hal_tim.o(.text.HAL_TIM_PWM_Init), (48 bytes).
    Removing cs32l015_hal_tim.o(.ARM.exidx.text.HAL_TIM_PWM_Init), (8 bytes).
    Removing cs32l015_hal_tim.o(.text.HAL_TIM_PWM_MspInit), (2 bytes).
    Removing cs32l015_hal_tim.o(.ARM.exidx.text.HAL_TIM_PWM_MspInit), (8 bytes).
    Removing cs32l015_hal_tim.o(.text.HAL_TIM_PWM_DeInit), (56 bytes).
    Removing cs32l015_hal_tim.o(.ARM.exidx.text.HAL_TIM_PWM_DeInit), (8 bytes).
    Removing cs32l015_hal_tim.o(.text.HAL_TIM_PWM_MspDeInit), (2 bytes).
    Removing cs32l015_hal_tim.o(.ARM.exidx.text.HAL_TIM_PWM_MspDeInit), (8 bytes).
    Removing cs32l015_hal_tim.o(.text.HAL_TIM_PWM_Start), (64 bytes).
    Removing cs32l015_hal_tim.o(.ARM.exidx.text.HAL_TIM_PWM_Start), (8 bytes).
    Removing cs32l015_hal_tim.o(.text.HAL_TIM_PWM_Stop), (108 bytes).
    Removing cs32l015_hal_tim.o(.ARM.exidx.text.HAL_TIM_PWM_Stop), (8 bytes).
    Removing cs32l015_hal_tim.o(.text.HAL_TIM_PWM_Start_IT), (108 bytes).
    Removing cs32l015_hal_tim.o(.ARM.exidx.text.HAL_TIM_PWM_Start_IT), (8 bytes).
    Removing cs32l015_hal_tim.o(.text.HAL_TIM_PWM_Stop_IT), (156 bytes).
    Removing cs32l015_hal_tim.o(.ARM.exidx.text.HAL_TIM_PWM_Stop_IT), (8 bytes).
    Removing cs32l015_hal_tim.o(.text.HAL_TIM_PWMN_Start), (34 bytes).
    Removing cs32l015_hal_tim.o(.ARM.exidx.text.HAL_TIM_PWMN_Start), (8 bytes).
    Removing cs32l015_hal_tim.o(.text.TIM_CCxNChannelCmd), (18 bytes).
    Removing cs32l015_hal_tim.o(.ARM.exidx.text.TIM_CCxNChannelCmd), (8 bytes).
    Removing cs32l015_hal_tim.o(.text.HAL_TIM_PWMN_Stop), (80 bytes).
    Removing cs32l015_hal_tim.o(.ARM.exidx.text.HAL_TIM_PWMN_Stop), (8 bytes).
    Removing cs32l015_hal_tim.o(.text.HAL_TIM_PWMN_Start_IT), (74 bytes).
    Removing cs32l015_hal_tim.o(.ARM.exidx.text.HAL_TIM_PWMN_Start_IT), (8 bytes).
    Removing cs32l015_hal_tim.o(.text.HAL_TIM_PWMN_Stop_IT), (128 bytes).
    Removing cs32l015_hal_tim.o(.ARM.exidx.text.HAL_TIM_PWMN_Stop_IT), (8 bytes).
    Removing cs32l015_hal_tim.o(.text.HAL_TIM_IC_Init), (48 bytes).
    Removing cs32l015_hal_tim.o(.ARM.exidx.text.HAL_TIM_IC_Init), (8 bytes).
    Removing cs32l015_hal_tim.o(.text.HAL_TIM_IC_MspInit), (2 bytes).
    Removing cs32l015_hal_tim.o(.ARM.exidx.text.HAL_TIM_IC_MspInit), (8 bytes).
    Removing cs32l015_hal_tim.o(.text.HAL_TIM_IC_DeInit), (56 bytes).
    Removing cs32l015_hal_tim.o(.ARM.exidx.text.HAL_TIM_IC_DeInit), (8 bytes).
    Removing cs32l015_hal_tim.o(.text.HAL_TIM_IC_MspDeInit), (2 bytes).
    Removing cs32l015_hal_tim.o(.ARM.exidx.text.HAL_TIM_IC_MspDeInit), (8 bytes).
    Removing cs32l015_hal_tim.o(.text.HAL_TIM_IC_Start), (26 bytes).
    Removing cs32l015_hal_tim.o(.ARM.exidx.text.HAL_TIM_IC_Start), (8 bytes).
    Removing cs32l015_hal_tim.o(.text.HAL_TIM_IC_Stop), (56 bytes).
    Removing cs32l015_hal_tim.o(.ARM.exidx.text.HAL_TIM_IC_Stop), (8 bytes).
    Removing cs32l015_hal_tim.o(.text.HAL_TIM_IC_Start_IT), (72 bytes).
    Removing cs32l015_hal_tim.o(.ARM.exidx.text.HAL_TIM_IC_Start_IT), (8 bytes).
    Removing cs32l015_hal_tim.o(.text.HAL_TIM_IC_Stop_IT), (104 bytes).
    Removing cs32l015_hal_tim.o(.ARM.exidx.text.HAL_TIM_IC_Stop_IT), (8 bytes).
    Removing cs32l015_hal_tim.o(.text.HAL_TIM_OnePulse_Init), (64 bytes).
    Removing cs32l015_hal_tim.o(.ARM.exidx.text.HAL_TIM_OnePulse_Init), (8 bytes).
    Removing cs32l015_hal_tim.o(.text.HAL_TIM_OnePulse_MspInit), (2 bytes).
    Removing cs32l015_hal_tim.o(.ARM.exidx.text.HAL_TIM_OnePulse_MspInit), (8 bytes).
    Removing cs32l015_hal_tim.o(.text.HAL_TIM_OnePulse_DeInit), (56 bytes).
    Removing cs32l015_hal_tim.o(.ARM.exidx.text.HAL_TIM_OnePulse_DeInit), (8 bytes).
    Removing cs32l015_hal_tim.o(.text.HAL_TIM_OnePulse_MspDeInit), (2 bytes).
    Removing cs32l015_hal_tim.o(.ARM.exidx.text.HAL_TIM_OnePulse_MspDeInit), (8 bytes).
    Removing cs32l015_hal_tim.o(.text.HAL_TIM_OnePulse_Start), (72 bytes).
    Removing cs32l015_hal_tim.o(.ARM.exidx.text.HAL_TIM_OnePulse_Start), (8 bytes).
    Removing cs32l015_hal_tim.o(.text.HAL_TIM_OnePulse_Stop), (124 bytes).
    Removing cs32l015_hal_tim.o(.ARM.exidx.text.HAL_TIM_OnePulse_Stop), (8 bytes).
    Removing cs32l015_hal_tim.o(.text.HAL_TIM_OnePulse_Start_IT), (88 bytes).
    Removing cs32l015_hal_tim.o(.ARM.exidx.text.HAL_TIM_OnePulse_Start_IT), (8 bytes).
    Removing cs32l015_hal_tim.o(.text.HAL_TIM_OnePulse_Stop_IT), (140 bytes).
    Removing cs32l015_hal_tim.o(.ARM.exidx.text.HAL_TIM_OnePulse_Stop_IT), (8 bytes).
    Removing cs32l015_hal_tim.o(.text.HAL_TIM_Encoder_Init), (192 bytes).
    Removing cs32l015_hal_tim.o(.ARM.exidx.text.HAL_TIM_Encoder_Init), (8 bytes).
    Removing cs32l015_hal_tim.o(.text.HAL_TIM_Encoder_MspInit), (2 bytes).
    Removing cs32l015_hal_tim.o(.ARM.exidx.text.HAL_TIM_Encoder_MspInit), (8 bytes).
    Removing cs32l015_hal_tim.o(.text.HAL_TIM_Encoder_DeInit), (56 bytes).
    Removing cs32l015_hal_tim.o(.ARM.exidx.text.HAL_TIM_Encoder_DeInit), (8 bytes).
    Removing cs32l015_hal_tim.o(.text.HAL_TIM_Encoder_MspDeInit), (2 bytes).
    Removing cs32l015_hal_tim.o(.ARM.exidx.text.HAL_TIM_Encoder_MspDeInit), (8 bytes).
    Removing cs32l015_hal_tim.o(.text.HAL_TIM_Encoder_Start), (58 bytes).
    Removing cs32l015_hal_tim.o(.ARM.exidx.text.HAL_TIM_Encoder_Start), (8 bytes).
    Removing cs32l015_hal_tim.o(.text.HAL_TIM_Encoder_Stop), (92 bytes).
    Removing cs32l015_hal_tim.o(.ARM.exidx.text.HAL_TIM_Encoder_Stop), (8 bytes).
    Removing cs32l015_hal_tim.o(.text.HAL_TIM_Encoder_Start_IT), (110 bytes).
    Removing cs32l015_hal_tim.o(.ARM.exidx.text.HAL_TIM_Encoder_Start_IT), (8 bytes).
    Removing cs32l015_hal_tim.o(.text.HAL_TIM_Encoder_Stop_IT), (140 bytes).
    Removing cs32l015_hal_tim.o(.ARM.exidx.text.HAL_TIM_Encoder_Stop_IT), (8 bytes).
    Removing cs32l015_hal_tim.o(.text.HAL_TIM_IRQHandler), (328 bytes).
    Removing cs32l015_hal_tim.o(.ARM.exidx.text.HAL_TIM_IRQHandler), (8 bytes).
    Removing cs32l015_hal_tim.o(.text.HAL_TIM_IC_CaptureCallback), (2 bytes).
    Removing cs32l015_hal_tim.o(.ARM.exidx.text.HAL_TIM_IC_CaptureCallback), (8 bytes).
    Removing cs32l015_hal_tim.o(.text.HAL_TIM_OC_DelayElapsedCallback), (2 bytes).
    Removing cs32l015_hal_tim.o(.ARM.exidx.text.HAL_TIM_OC_DelayElapsedCallback), (8 bytes).
    Removing cs32l015_hal_tim.o(.text.HAL_TIM_PWM_PulseFinishedCallback), (2 bytes).
    Removing cs32l015_hal_tim.o(.ARM.exidx.text.HAL_TIM_PWM_PulseFinishedCallback), (8 bytes).
    Removing cs32l015_hal_tim.o(.text.HAL_TIM_PeriodElapsedCallback), (2 bytes).
    Removing cs32l015_hal_tim.o(.ARM.exidx.text.HAL_TIM_PeriodElapsedCallback), (8 bytes).
    Removing cs32l015_hal_tim.o(.text.HAL_TIM_BreakCallback), (2 bytes).
    Removing cs32l015_hal_tim.o(.ARM.exidx.text.HAL_TIM_BreakCallback), (8 bytes).
    Removing cs32l015_hal_tim.o(.text.HAL_TIM_TriggerCallback), (2 bytes).
    Removing cs32l015_hal_tim.o(.ARM.exidx.text.HAL_TIM_TriggerCallback), (8 bytes).
    Removing cs32l015_hal_tim.o(.text.HAL_TIM_CommutationCallback), (2 bytes).
    Removing cs32l015_hal_tim.o(.ARM.exidx.text.HAL_TIM_CommutationCallback), (8 bytes).
    Removing cs32l015_hal_tim.o(.text.HAL_TIM_OC_ConfigChannel), (80 bytes).
    Removing cs32l015_hal_tim.o(.ARM.exidx.text.HAL_TIM_OC_ConfigChannel), (8 bytes).
    Removing cs32l015_hal_tim.o(.text.TIM_OC1_SetConfig), (136 bytes).
    Removing cs32l015_hal_tim.o(.ARM.exidx.text.TIM_OC1_SetConfig), (8 bytes).
    Removing cs32l015_hal_tim.o(.text.TIM_OC2_SetConfig), (144 bytes).
    Removing cs32l015_hal_tim.o(.ARM.exidx.text.TIM_OC2_SetConfig), (8 bytes).
    Removing cs32l015_hal_tim.o(.text.TIM_OC3_SetConfig), (144 bytes).
    Removing cs32l015_hal_tim.o(.ARM.exidx.text.TIM_OC3_SetConfig), (8 bytes).
    Removing cs32l015_hal_tim.o(.text.TIM_OC4_SetConfig), (112 bytes).
    Removing cs32l015_hal_tim.o(.ARM.exidx.text.TIM_OC4_SetConfig), (8 bytes).
    Removing cs32l015_hal_tim.o(.text.HAL_TIM_IC_ConfigChannel), (164 bytes).
    Removing cs32l015_hal_tim.o(.ARM.exidx.text.HAL_TIM_IC_ConfigChannel), (8 bytes).
    Removing cs32l015_hal_tim.o(.text.TIM_TI1_SetConfig), (40 bytes).
    Removing cs32l015_hal_tim.o(.ARM.exidx.text.TIM_TI1_SetConfig), (8 bytes).
    Removing cs32l015_hal_tim.o(.text.TIM_TI2_SetConfig), (46 bytes).
    Removing cs32l015_hal_tim.o(.ARM.exidx.text.TIM_TI2_SetConfig), (8 bytes).
    Removing cs32l015_hal_tim.o(.text.TIM_TI3_SetConfig), (46 bytes).
    Removing cs32l015_hal_tim.o(.ARM.exidx.text.TIM_TI3_SetConfig), (8 bytes).
    Removing cs32l015_hal_tim.o(.text.TIM_TI4_SetConfig), (48 bytes).
    Removing cs32l015_hal_tim.o(.ARM.exidx.text.TIM_TI4_SetConfig), (8 bytes).
    Removing cs32l015_hal_tim.o(.text.HAL_TIM_PWM_ConfigChannel), (182 bytes).
    Removing cs32l015_hal_tim.o(.ARM.exidx.text.HAL_TIM_PWM_ConfigChannel), (8 bytes).
    Removing cs32l015_hal_tim.o(.text.HAL_TIM_OnePulse_ConfigChannel), (188 bytes).
    Removing cs32l015_hal_tim.o(.ARM.exidx.text.HAL_TIM_OnePulse_ConfigChannel), (8 bytes).
    Removing cs32l015_hal_tim.o(.text.HAL_TIM_GenerateEvent), (36 bytes).
    Removing cs32l015_hal_tim.o(.ARM.exidx.text.HAL_TIM_GenerateEvent), (8 bytes).
    Removing cs32l015_hal_tim.o(.text.HAL_TIM_ConfigOCrefClear), (196 bytes).
    Removing cs32l015_hal_tim.o(.ARM.exidx.text.HAL_TIM_ConfigOCrefClear), (8 bytes).
    Removing cs32l015_hal_tim.o(.text.TIM_ETR_SetConfig), (24 bytes).
    Removing cs32l015_hal_tim.o(.ARM.exidx.text.TIM_ETR_SetConfig), (8 bytes).
    Removing cs32l015_hal_tim.o(.text.HAL_TIM_ConfigClockSource), (216 bytes).
    Removing cs32l015_hal_tim.o(.ARM.exidx.text.HAL_TIM_ConfigClockSource), (8 bytes).
    Removing cs32l015_hal_tim.o(.text.TIM_TI1_ConfigInputStage), (38 bytes).
    Removing cs32l015_hal_tim.o(.ARM.exidx.text.TIM_TI1_ConfigInputStage), (8 bytes).
    Removing cs32l015_hal_tim.o(.text.TIM_ITRx_SetConfig), (18 bytes).
    Removing cs32l015_hal_tim.o(.ARM.exidx.text.TIM_ITRx_SetConfig), (8 bytes).
    Removing cs32l015_hal_tim.o(.text.TIM_TI2_ConfigInputStage), (42 bytes).
    Removing cs32l015_hal_tim.o(.ARM.exidx.text.TIM_TI2_ConfigInputStage), (8 bytes).
    Removing cs32l015_hal_tim.o(.text.HAL_TIM_ConfigTI1Input), (18 bytes).
    Removing cs32l015_hal_tim.o(.ARM.exidx.text.HAL_TIM_ConfigTI1Input), (8 bytes).
    Removing cs32l015_hal_tim.o(.text.HAL_TIME_MasterConfigSynchronization), (66 bytes).
    Removing cs32l015_hal_tim.o(.ARM.exidx.text.HAL_TIME_MasterConfigSynchronization), (8 bytes).
    Removing cs32l015_hal_tim.o(.text.HAL_TIM_SlaveConfigSynchronization), (46 bytes).
    Removing cs32l015_hal_tim.o(.ARM.exidx.text.HAL_TIM_SlaveConfigSynchronization), (8 bytes).
    Removing cs32l015_hal_tim.o(.text.TIM_SlaveTimer_SetConfig), (118 bytes).
    Removing cs32l015_hal_tim.o(.ARM.exidx.text.TIM_SlaveTimer_SetConfig), (8 bytes).
    Removing cs32l015_hal_tim.o(.text.HAL_TIM_SlaveConfigSynchronization_IT), (46 bytes).
    Removing cs32l015_hal_tim.o(.ARM.exidx.text.HAL_TIM_SlaveConfigSynchronization_IT), (8 bytes).
    Removing cs32l015_hal_tim.o(.text.HAL_TIM_ReadCapturedValue), (70 bytes).
    Removing cs32l015_hal_tim.o(.ARM.exidx.text.HAL_TIM_ReadCapturedValue), (8 bytes).
    Removing cs32l015_hal_tim.o(.text.HAL_TIM_ConfigBreakDeadTime), (86 bytes).
    Removing cs32l015_hal_tim.o(.ARM.exidx.text.HAL_TIM_ConfigBreakDeadTime), (8 bytes).
    Removing cs32l015_hal_tim.o(.text.HAL_TIM_ErrorCallback), (2 bytes).
    Removing cs32l015_hal_tim.o(.ARM.exidx.text.HAL_TIM_ErrorCallback), (8 bytes).
    Removing cs32l015_hal_tim.o(.text.HAL_TIM_Base_GetState), (4 bytes).
    Removing cs32l015_hal_tim.o(.ARM.exidx.text.HAL_TIM_Base_GetState), (8 bytes).
    Removing cs32l015_hal_tim.o(.text.HAL_TIM_OC_GetState), (4 bytes).
    Removing cs32l015_hal_tim.o(.ARM.exidx.text.HAL_TIM_OC_GetState), (8 bytes).
    Removing cs32l015_hal_tim.o(.text.HAL_TIM_PWM_GetState), (4 bytes).
    Removing cs32l015_hal_tim.o(.ARM.exidx.text.HAL_TIM_PWM_GetState), (8 bytes).
    Removing cs32l015_hal_tim.o(.text.HAL_TIM_IC_GetState), (4 bytes).
    Removing cs32l015_hal_tim.o(.ARM.exidx.text.HAL_TIM_IC_GetState), (8 bytes).
    Removing cs32l015_hal_tim.o(.text.HAL_TIM_OnePulse_GetState), (4 bytes).
    Removing cs32l015_hal_tim.o(.ARM.exidx.text.HAL_TIM_OnePulse_GetState), (8 bytes).
    Removing cs32l015_hal_tim.o(.text.HAL_TIM_Encoder_GetState), (4 bytes).
    Removing cs32l015_hal_tim.o(.ARM.exidx.text.HAL_TIM_Encoder_GetState), (8 bytes).
    Removing cs32l015_hal_uart.o(.text), (0 bytes).
    Removing cs32l015_hal_uart.o(.ARM.exidx.text.HAL_UART_Init), (8 bytes).
    Removing cs32l015_hal_uart.o(.text.HAL_UART_MspInit), (2 bytes).
    Removing cs32l015_hal_uart.o(.ARM.exidx.text.HAL_UART_MspInit), (8 bytes).
    Removing cs32l015_hal_uart.o(.ARM.exidx.text.UART_SetConfig), (8 bytes).
    Removing cs32l015_hal_uart.o(.text.HAL_HalfDuplex_Init), (70 bytes).
    Removing cs32l015_hal_uart.o(.ARM.exidx.text.HAL_HalfDuplex_Init), (8 bytes).
    Removing cs32l015_hal_uart.o(.text.HAL_UART_DeInit), (38 bytes).
    Removing cs32l015_hal_uart.o(.ARM.exidx.text.HAL_UART_DeInit), (8 bytes).
    Removing cs32l015_hal_uart.o(.text.HAL_UART_MspDeInit), (2 bytes).
    Removing cs32l015_hal_uart.o(.ARM.exidx.text.HAL_UART_MspDeInit), (8 bytes).
    Removing cs32l015_hal_uart.o(.text.HAL_UART_Transmit), (292 bytes).
    Removing cs32l015_hal_uart.o(.ARM.exidx.text.HAL_UART_Transmit), (8 bytes).
    Removing cs32l015_hal_uart.o(.text.UART_WaitOnFlagUntilTimeout), (96 bytes).
    Removing cs32l015_hal_uart.o(.ARM.exidx.text.UART_WaitOnFlagUntilTimeout), (8 bytes).
    Removing cs32l015_hal_uart.o(.text.HAL_UART_Receive), (384 bytes).
    Removing cs32l015_hal_uart.o(.ARM.exidx.text.HAL_UART_Receive), (8 bytes).
    Removing cs32l015_hal_uart.o(.ARM.exidx.text.HAL_UART_Transmit_IT), (8 bytes).
    Removing cs32l015_hal_uart.o(.ARM.exidx.text.HAL_UART_Receive_IT), (8 bytes).
    Removing cs32l015_hal_uart.o(.text.HAL_UART_Abort), (40 bytes).
    Removing cs32l015_hal_uart.o(.ARM.exidx.text.HAL_UART_Abort), (8 bytes).
    Removing cs32l015_hal_uart.o(.text.HAL_UART_AbortCpltCallback), (2 bytes).
    Removing cs32l015_hal_uart.o(.ARM.exidx.text.HAL_UART_AbortCpltCallback), (8 bytes).
    Removing cs32l015_hal_uart.o(.text.HAL_UART_AbortTransmit), (30 bytes).
    Removing cs32l015_hal_uart.o(.ARM.exidx.text.HAL_UART_AbortTransmit), (8 bytes).
    Removing cs32l015_hal_uart.o(.text.HAL_UART_AbortTransmitCpltCallback), (2 bytes).
    Removing cs32l015_hal_uart.o(.ARM.exidx.text.HAL_UART_AbortTransmitCpltCallback), (8 bytes).
    Removing cs32l015_hal_uart.o(.text.HAL_UART_AbortReceive), (30 bytes).
    Removing cs32l015_hal_uart.o(.ARM.exidx.text.HAL_UART_AbortReceive), (8 bytes).
    Removing cs32l015_hal_uart.o(.text.HAL_UART_AbortReceiveCpltCallback), (2 bytes).
    Removing cs32l015_hal_uart.o(.ARM.exidx.text.HAL_UART_AbortReceiveCpltCallback), (8 bytes).
    Removing cs32l015_hal_uart.o(.text.HAL_UART_CalcProgTimerPeriod), (28 bytes).
    Removing cs32l015_hal_uart.o(.ARM.exidx.text.HAL_UART_CalcProgTimerPeriod), (8 bytes).
    Removing cs32l015_hal_uart.o(.text.HAL_UART_IRQHandler), (100 bytes).
    Removing cs32l015_hal_uart.o(.ARM.exidx.text.HAL_UART_IRQHandler), (8 bytes).
    Removing cs32l015_hal_uart.o(.text.UART_Receive_IT), (216 bytes).
    Removing cs32l015_hal_uart.o(.ARM.exidx.text.UART_Receive_IT), (8 bytes).
    Removing cs32l015_hal_uart.o(.text.HAL_UART_ErrorCallback), (2 bytes).
    Removing cs32l015_hal_uart.o(.ARM.exidx.text.HAL_UART_ErrorCallback), (8 bytes).
    Removing cs32l015_hal_uart.o(.text.UART_Transmit_IT), (136 bytes).
    Removing cs32l015_hal_uart.o(.ARM.exidx.text.UART_Transmit_IT), (8 bytes).
    Removing cs32l015_hal_uart.o(.text.HAL_UART_TxCpltCallback), (2 bytes).
    Removing cs32l015_hal_uart.o(.ARM.exidx.text.HAL_UART_TxCpltCallback), (8 bytes).
    Removing cs32l015_hal_uart.o(.text.HAL_UART_RxCpltCallback), (2 bytes).
    Removing cs32l015_hal_uart.o(.ARM.exidx.text.HAL_UART_RxCpltCallback), (8 bytes).
    Removing cs32l015_hal_uart.o(.text.HAL_UART_GetState), (14 bytes).
    Removing cs32l015_hal_uart.o(.ARM.exidx.text.HAL_UART_GetState), (8 bytes).
    Removing cs32l015_hal_uart.o(.text.HAL_UART_GetError), (4 bytes).
    Removing cs32l015_hal_uart.o(.ARM.exidx.text.HAL_UART_GetError), (8 bytes).
    Removing cs32l015_hal_uart.o(.text.UART_Single_Receive_IT), (104 bytes).
    Removing cs32l015_hal_uart.o(.ARM.exidx.text.UART_Single_Receive_IT), (8 bytes).
    Removing cs32l015_hal_vc.o(.text), (0 bytes).
    Removing cs32l015_hal_vc.o(.text.HAL_VC_MspInit), (2 bytes).
    Removing cs32l015_hal_vc.o(.ARM.exidx.text.HAL_VC_MspInit), (8 bytes).
    Removing cs32l015_hal_vc.o(.text.HAL_VC_MspDeInit), (2 bytes).
    Removing cs32l015_hal_vc.o(.ARM.exidx.text.HAL_VC_MspDeInit), (8 bytes).
    Removing cs32l015_hal_vc.o(.text.HAL_VC_FilterCmpltCallback), (2 bytes).
    Removing cs32l015_hal_vc.o(.ARM.exidx.text.HAL_VC_FilterCmpltCallback), (8 bytes).
    Removing cs32l015_hal_vc.o(.text.HAL_VC_Init), (184 bytes).
    Removing cs32l015_hal_vc.o(.ARM.exidx.text.HAL_VC_Init), (8 bytes).
    Removing cs32l015_hal_vc.o(.text.HAL_VC_DeInit), (80 bytes).
    Removing cs32l015_hal_vc.o(.ARM.exidx.text.HAL_VC_DeInit), (8 bytes).
    Removing cs32l015_hal_vc.o(.text.HAL_VC_Start), (50 bytes).
    Removing cs32l015_hal_vc.o(.ARM.exidx.text.HAL_VC_Start), (8 bytes).
    Removing cs32l015_hal_vc.o(.text.HAL_VC_Stop), (50 bytes).
    Removing cs32l015_hal_vc.o(.ARM.exidx.text.HAL_VC_Stop), (8 bytes).
    Removing cs32l015_hal_vc.o(.text.HAL_VC_Start_IT), (56 bytes).
    Removing cs32l015_hal_vc.o(.ARM.exidx.text.HAL_VC_Start_IT), (8 bytes).
    Removing cs32l015_hal_vc.o(.text.HAL_VC_Stop_IT), (62 bytes).
    Removing cs32l015_hal_vc.o(.ARM.exidx.text.HAL_VC_Stop_IT), (8 bytes).
    Removing cs32l015_hal_vc.o(.text.HAL_VC_ConfigOutChannels), (80 bytes).
    Removing cs32l015_hal_vc.o(.ARM.exidx.text.HAL_VC_ConfigOutChannels), (8 bytes).
    Removing cs32l015_hal_vc.o(.text.HAL_VC_IRQHandler), (24 bytes).
    Removing cs32l015_hal_vc.o(.ARM.exidx.text.HAL_VC_IRQHandler), (8 bytes).
    Removing cs32l015_hal_wwdt.o(.text), (0 bytes).
    Removing cs32l015_hal_wwdt.o(.text.HAL_WWDT_Timeout_Callback), (2 bytes).
    Removing cs32l015_hal_wwdt.o(.ARM.exidx.text.HAL_WWDT_Timeout_Callback), (8 bytes).
    Removing cs32l015_hal_wwdt.o(.text.HAL_WWDT_Init), (54 bytes).
    Removing cs32l015_hal_wwdt.o(.ARM.exidx.text.HAL_WWDT_Init), (8 bytes).
    Removing cs32l015_hal_wwdt.o(.text.HAL_WWDT_Refresh), (10 bytes).
    Removing cs32l015_hal_wwdt.o(.ARM.exidx.text.HAL_WWDT_Refresh), (8 bytes).
    Removing cs32l015_hal_wwdt.o(.text.HAL_WWDT_Get_Counter), (12 bytes).
    Removing cs32l015_hal_wwdt.o(.ARM.exidx.text.HAL_WWDT_Get_Counter), (8 bytes).
    Removing cs32l015_hal_wwdt.o(.text.HAL_WWDT_IRQHandler), (40 bytes).
    Removing cs32l015_hal_wwdt.o(.ARM.exidx.text.HAL_WWDT_IRQHandler), (8 bytes).
    Removing startup_cs32l015.o(HEAP), (512 bytes).
    Removing system_cs32l015.o(.text), (0 bytes).
    Removing system_cs32l015.o(.ARM.exidx.text.SystemInit), (8 bytes).
    Removing system_cs32l015.o(.text.SystemCoreClockUpdate), (144 bytes).
    Removing system_cs32l015.o(.ARM.exidx.text.SystemCoreClockUpdate), (8 bytes).
    Removing dadd.o(.text), (356 bytes).
    Removing dmul.o(.text), (208 bytes).
    Removing ddiv.o(.text), (240 bytes).
    Removing dfixul.o(.text), (64 bytes).
    Removing cdrcmple.o(.text), (40 bytes).
    Removing depilogue.o(.text), (190 bytes).
    Removing depilogue.o(i.__ARM_clz), (46 bytes).

1063 unused section(s) (total 38534 bytes) removed from the image.

==============================================================================

Image Symbol Table

    Local Symbols

    Symbol Name                              Value     Ov Type        Size  Object(Section)

    ../clib/division.s                       0x00000000   Number         0  aeabi_sdivfast.o ABSOLUTE
    ../clib/division.s                       0x00000000   Number         0  aeabi_sdivfast_div0.o ABSOLUTE
    ../clib/microlib/division.c              0x00000000   Number         0  uidiv.o ABSOLUTE
    ../clib/microlib/division.c              0x00000000   Number         0  uidiv_div0.o ABSOLUTE
    ../clib/microlib/division.c              0x00000000   Number         0  idiv_div0.o ABSOLUTE
    ../clib/microlib/division.c              0x00000000   Number         0  idiv0.o ABSOLUTE
    ../clib/microlib/division.c              0x00000000   Number         0  uldiv.o ABSOLUTE
    ../clib/microlib/init/entry.s            0x00000000   Number         0  entry.o ABSOLUTE
    ../clib/microlib/init/entry.s            0x00000000   Number         0  entry2.o ABSOLUTE
    ../clib/microlib/init/entry.s            0x00000000   Number         0  entry5.o ABSOLUTE
    ../clib/microlib/init/entry.s            0x00000000   Number         0  entry7a.o ABSOLUTE
    ../clib/microlib/init/entry.s            0x00000000   Number         0  entry7b.o ABSOLUTE
    ../clib/microlib/init/entry.s            0x00000000   Number         0  entry8a.o ABSOLUTE
    ../clib/microlib/init/entry.s            0x00000000   Number         0  entry8b.o ABSOLUTE
    ../clib/microlib/init/entry.s            0x00000000   Number         0  entry9a.o ABSOLUTE
    ../clib/microlib/init/entry.s            0x00000000   Number         0  entry9b.o ABSOLUTE
    ../clib/microlib/init/entry.s            0x00000000   Number         0  entry10a.o ABSOLUTE
    ../clib/microlib/init/entry.s            0x00000000   Number         0  entry10b.o ABSOLUTE
    ../clib/microlib/init/entry.s            0x00000000   Number         0  entry11a.o ABSOLUTE
    ../clib/microlib/init/entry.s            0x00000000   Number         0  entry11b.o ABSOLUTE
    ../clib/microlib/longlong.c              0x00000000   Number         0  llushr.o ABSOLUTE
    ../clib/microlib/longlong.c              0x00000000   Number         0  llshl.o ABSOLUTE
    ../clib/microlib/longlong.c              0x00000000   Number         0  llsshr.o ABSOLUTE
    ../clib/microlib/printf/printf.c         0x00000000   Number         0  printfb.o ABSOLUTE
    ../clib/microlib/printf/printf.c         0x00000000   Number         0  printf0.o ABSOLUTE
    ../clib/microlib/printf/printf.c         0x00000000   Number         0  printf1.o ABSOLUTE
    ../clib/microlib/printf/printf.c         0x00000000   Number         0  printf2.o ABSOLUTE
    ../clib/microlib/printf/printf.c         0x00000000   Number         0  printf3.o ABSOLUTE
    ../clib/microlib/printf/printf.c         0x00000000   Number         0  printf4.o ABSOLUTE
    ../clib/microlib/printf/printf.c         0x00000000   Number         0  printf5.o ABSOLUTE
    ../clib/microlib/printf/printf.c         0x00000000   Number         0  printf6.o ABSOLUTE
    ../clib/microlib/printf/printf.c         0x00000000   Number         0  printf7.o ABSOLUTE
    ../clib/microlib/printf/printf.c         0x00000000   Number         0  printf8.o ABSOLUTE
    ../clib/microlib/printf/printf.c         0x00000000   Number         0  printfa.o ABSOLUTE
    ../clib/microlib/printf/stubs.s          0x00000000   Number         0  printfstubs.o ABSOLUTE
    ../clib/microlib/stdio/fputc.c           0x00000000   Number         0  fputc.o ABSOLUTE
    ../clib/microlib/stdio/fputc.c           0x00000000   Number         0  fputc_h.o ABSOLUTE
    ../clib/microlib/stdio/puts.c            0x00000000   Number         0  puts.o ABSOLUTE
    ../clib/microlib/stdio/puts.c            0x00000000   Number         0  puts_e.o ABSOLUTE
    ../clib/microlib/stdio/semi.s            0x00000000   Number         0  semi.o ABSOLUTE
    ../clib/microlib/stdio/streams.c         0x00000000   Number         0  stdout.o ABSOLUTE
    ../clib/microlib/string/memset.c         0x00000000   Number         0  memseta.o ABSOLUTE
    ../clib/microlib/stubs.s                 0x00000000   Number         0  iusefp.o ABSOLUTE
    ../clib/microlib/stubs.s                 0x00000000   Number         0  iusesemip.o ABSOLUTE
    ../fplib/microlib/fpadd.c                0x00000000   Number         0  dadd.o ABSOLUTE
    ../fplib/microlib/fpdiv.c                0x00000000   Number         0  ddiv.o ABSOLUTE
    ../fplib/microlib/fpepilogue.c           0x00000000   Number         0  depilogue.o ABSOLUTE
    ../fplib/microlib/fpfix.c                0x00000000   Number         0  dfixul.o ABSOLUTE
    ../fplib/microlib/fpmul.c                0x00000000   Number         0  dmul.o ABSOLUTE
    RTE/Device/CS32L015/startup_cs32l015.s   0x00000000   Number         0  startup_cs32l015.o ABSOLUTE
    cdrcmple.s                               0x00000000   Number         0  cdrcmple.o ABSOLUTE
    cs32l015_hal.c                           0x00000000   Number         0  cs32l015_hal.o ABSOLUTE
    cs32l015_hal_adc.c                       0x00000000   Number         0  cs32l015_hal_adc.o ABSOLUTE
    cs32l015_hal_awt.c                       0x00000000   Number         0  cs32l015_hal_awt.o ABSOLUTE
    cs32l015_hal_basetim.c                   0x00000000   Number         0  cs32l015_hal_basetim.o ABSOLUTE
    cs32l015_hal_beep.c                      0x00000000   Number         0  cs32l015_hal_beep.o ABSOLUTE
    cs32l015_hal_clktrim.c                   0x00000000   Number         0  cs32l015_hal_clktrim.o ABSOLUTE
    cs32l015_hal_cortex.c                    0x00000000   Number         0  cs32l015_hal_cortex.o ABSOLUTE
    cs32l015_hal_crc.c                       0x00000000   Number         0  cs32l015_hal_crc.o ABSOLUTE
    cs32l015_hal_flash.c                     0x00000000   Number         0  cs32l015_hal_flash.o ABSOLUTE
    cs32l015_hal_fwdt.c                      0x00000000   Number         0  cs32l015_hal_fwdt.o ABSOLUTE
    cs32l015_hal_gpio.c                      0x00000000   Number         0  cs32l015_hal_gpio.o ABSOLUTE
    cs32l015_hal_i2c.c                       0x00000000   Number         0  cs32l015_hal_i2c.o ABSOLUTE
    cs32l015_hal_lptim.c                     0x00000000   Number         0  cs32l015_hal_lptim.o ABSOLUTE
    cs32l015_hal_lpuart.c                    0x00000000   Number         0  cs32l015_hal_lpuart.o ABSOLUTE
    cs32l015_hal_lvd.c                       0x00000000   Number         0  cs32l015_hal_lvd.o ABSOLUTE
    cs32l015_hal_msp.c                       0x00000000   Number         0  cs32l015_hal_msp.o ABSOLUTE
    cs32l015_hal_opa.c                       0x00000000   Number         0  cs32l015_hal_opa.o ABSOLUTE
    cs32l015_hal_owi.c                       0x00000000   Number         0  cs32l015_hal_owi.o ABSOLUTE
    cs32l015_hal_pca.c                       0x00000000   Number         0  cs32l015_hal_pca.o ABSOLUTE
    cs32l015_hal_pwr.c                       0x00000000   Number         0  cs32l015_hal_pwr.o ABSOLUTE
    cs32l015_hal_rcc.c                       0x00000000   Number         0  cs32l015_hal_rcc.o ABSOLUTE
    cs32l015_hal_rtc.c                       0x00000000   Number         0  cs32l015_hal_rtc.o ABSOLUTE
    cs32l015_hal_spi.c                       0x00000000   Number         0  cs32l015_hal_spi.o ABSOLUTE
    cs32l015_hal_tim.c                       0x00000000   Number         0  cs32l015_hal_tim.o ABSOLUTE
    cs32l015_hal_uart.c                      0x00000000   Number         0  cs32l015_hal_uart.o ABSOLUTE
    cs32l015_hal_vc.c                        0x00000000   Number         0  cs32l015_hal_vc.o ABSOLUTE
    cs32l015_hal_wwdt.c                      0x00000000   Number         0  cs32l015_hal_wwdt.o ABSOLUTE
    cs32l015_it.c                            0x00000000   Number         0  cs32l015_it.o ABSOLUTE
    cs32l015_starterkit.c                    0x00000000   Number         0  cs32l015_starterkit.o ABSOLUTE
    dc.s                                     0x00000000   Number         0  dc.o ABSOLUTE
    handlers.s                               0x00000000   Number         0  handlers.o ABSOLUTE
    init.s                                   0x00000000   Number         0  init.o ABSOLUTE
    log.c                                    0x00000000   Number         0  log.o ABSOLUTE
    main.c                                   0x00000000   Number         0  main.o ABSOLUTE
    system_cs32l015.c                        0x00000000   Number         0  system_cs32l015.o ABSOLUTE
    util.c                                   0x00000000   Number         0  util.o ABSOLUTE
    RESET                                    0x00000000   Section      192  startup_cs32l015.o(RESET)
    .ARM.Collect$$$$00000000                 0x000000c0   Section        0  entry.o(.ARM.Collect$$$$00000000)
    .ARM.Collect$$$$00000001                 0x000000c0   Section        4  entry2.o(.ARM.Collect$$$$00000001)
    .ARM.Collect$$$$00000004                 0x000000c4   Section        4  entry5.o(.ARM.Collect$$$$00000004)
    .ARM.Collect$$$$00000008                 0x000000c8   Section        0  entry7b.o(.ARM.Collect$$$$00000008)
    .ARM.Collect$$$$0000000A                 0x000000c8   Section        0  entry8b.o(.ARM.Collect$$$$0000000A)
    .ARM.Collect$$$$0000000B                 0x000000c8   Section        8  entry9a.o(.ARM.Collect$$$$0000000B)
    __lit__00000000                          0x000000d0   Data           4  entry2.o(.ARM.Collect$$$$00002712)
    .ARM.Collect$$$$0000000D                 0x000000d0   Section        0  entry10a.o(.ARM.Collect$$$$0000000D)
    .ARM.Collect$$$$0000000F                 0x000000d0   Section        0  entry11a.o(.ARM.Collect$$$$0000000F)
    .ARM.Collect$$$$00002712                 0x000000d0   Section        4  entry2.o(.ARM.Collect$$$$00002712)
    .text                                    0x000000d4   Section       28  startup_cs32l015.o(.text)
    .text                                    0x000000f0   Section        0  uidiv_div0.o(.text)
    .text                                    0x00000130   Section       48  init.o(.text)
    [Anonymous Symbol]                       0x00000160   Section        0  main.o(.text.Error_Handler)
    [Anonymous Symbol]                       0x00000164   Section        0  cs32l015_hal_gpio.o(.text.HAL_GPIO_Init)
    [Anonymous Symbol]                       0x00000354   Section        0  cs32l015_hal.o(.text.HAL_GetTick)
    [Anonymous Symbol]                       0x0000035c   Section        0  cs32l015_hal.o(.text.HAL_IncTick)
    __arm_cp.5_1                             0x0000036c   Number         4  cs32l015_hal.o(.text.HAL_IncTick)
    [Anonymous Symbol]                       0x00000370   Section        0  cs32l015_hal.o(.text.HAL_Init)
    [Anonymous Symbol]                       0x00000380   Section        0  cs32l015_hal.o(.text.HAL_InitTick)
    __arm_cp.1_2                             0x000003bc   Number         4  cs32l015_hal.o(.text.HAL_InitTick)
    [Anonymous Symbol]                       0x000003c0   Section        0  cs32l015_hal_msp.o(.text.HAL_MspInit)
    [Anonymous Symbol]                       0x000003c2   Section        0  cs32l015_hal_cortex.o(.text.HAL_NVIC_SetPriority)
    [Anonymous Symbol]                       0x000003cc   Section        0  cs32l015_hal_rcc.o(.text.HAL_RCC_ClockConfig)
    __arm_cp.3_0                             0x00000528   Number         4  cs32l015_hal_rcc.o(.text.HAL_RCC_ClockConfig)
    __arm_cp.3_1                             0x0000052c   Number         4  cs32l015_hal_rcc.o(.text.HAL_RCC_ClockConfig)
    __arm_cp.3_2                             0x00000530   Number         4  cs32l015_hal_rcc.o(.text.HAL_RCC_ClockConfig)
    __arm_cp.3_3                             0x00000534   Number         4  cs32l015_hal_rcc.o(.text.HAL_RCC_ClockConfig)
    __arm_cp.3_4                             0x00000538   Number         4  cs32l015_hal_rcc.o(.text.HAL_RCC_ClockConfig)
    __arm_cp.3_5                             0x0000053c   Number         4  cs32l015_hal_rcc.o(.text.HAL_RCC_ClockConfig)
    __arm_cp.3_7                             0x00000540   Number         4  cs32l015_hal_rcc.o(.text.HAL_RCC_ClockConfig)
    [Anonymous Symbol]                       0x00000544   Section        0  cs32l015_hal_rcc.o(.text.HAL_RCC_GetHCLKFreq)
    __arm_cp.6_0                             0x0000054c   Number         4  cs32l015_hal_rcc.o(.text.HAL_RCC_GetHCLKFreq)
    [Anonymous Symbol]                       0x00000550   Section        0  cs32l015_hal_rcc.o(.text.HAL_RCC_GetPCLKFreq)
    __arm_cp.7_0                             0x00000568   Number         4  cs32l015_hal_rcc.o(.text.HAL_RCC_GetPCLKFreq)
    [Anonymous Symbol]                       0x0000056c   Section        0  cs32l015_hal_rcc.o(.text.HAL_RCC_GetSysClockFreq)
    __arm_cp.4_0                             0x000005bc   Number         4  cs32l015_hal_rcc.o(.text.HAL_RCC_GetSysClockFreq)
    __arm_cp.4_1                             0x000005c0   Number         4  cs32l015_hal_rcc.o(.text.HAL_RCC_GetSysClockFreq)
    __arm_cp.4_2                             0x000005c4   Number         4  cs32l015_hal_rcc.o(.text.HAL_RCC_GetSysClockFreq)
    __arm_cp.4_3                             0x000005c8   Number         4  cs32l015_hal_rcc.o(.text.HAL_RCC_GetSysClockFreq)
    __arm_cp.4_4                             0x000005cc   Number         4  cs32l015_hal_rcc.o(.text.HAL_RCC_GetSysClockFreq)
    __arm_cp.4_5                             0x000005d0   Number         4  cs32l015_hal_rcc.o(.text.HAL_RCC_GetSysClockFreq)
    [Anonymous Symbol]                       0x000005d4   Section        0  cs32l015_hal_rcc.o(.text.HAL_RCC_OscConfig)
    __arm_cp.1_0                             0x000008fc   Number         4  cs32l015_hal_rcc.o(.text.HAL_RCC_OscConfig)
    __arm_cp.1_1                             0x00000900   Number         4  cs32l015_hal_rcc.o(.text.HAL_RCC_OscConfig)
    __arm_cp.1_2                             0x00000904   Number         4  cs32l015_hal_rcc.o(.text.HAL_RCC_OscConfig)
    __arm_cp.1_3                             0x00000908   Number         4  cs32l015_hal_rcc.o(.text.HAL_RCC_OscConfig)
    __arm_cp.1_4                             0x0000090c   Number         4  cs32l015_hal_rcc.o(.text.HAL_RCC_OscConfig)
    __arm_cp.1_5                             0x00000910   Number         4  cs32l015_hal_rcc.o(.text.HAL_RCC_OscConfig)
    __arm_cp.1_6                             0x00000914   Number         4  cs32l015_hal_rcc.o(.text.HAL_RCC_OscConfig)
    __arm_cp.1_7                             0x00000918   Number         4  cs32l015_hal_rcc.o(.text.HAL_RCC_OscConfig)
    __arm_cp.1_8                             0x0000091c   Number         4  cs32l015_hal_rcc.o(.text.HAL_RCC_OscConfig)
    __arm_cp.1_9                             0x00000920   Number         4  cs32l015_hal_rcc.o(.text.HAL_RCC_OscConfig)
    __arm_cp.1_10                            0x00000924   Number         4  cs32l015_hal_rcc.o(.text.HAL_RCC_OscConfig)
    [Anonymous Symbol]                       0x00000928   Section        0  cs32l015_hal_cortex.o(.text.HAL_SYSTICK_Config)
    [Anonymous Symbol]                       0x00000930   Section        0  cs32l015_hal_uart.o(.text.HAL_UART_Init)
    [Anonymous Symbol]                       0x00000968   Section        0  cs32l015_hal_msp.o(.text.HAL_UART_MspInit)
    __arm_cp.1_0                             0x00000a40   Number         4  cs32l015_hal_msp.o(.text.HAL_UART_MspInit)
    __arm_cp.1_1                             0x00000a44   Number         4  cs32l015_hal_msp.o(.text.HAL_UART_MspInit)
    __arm_cp.1_2                             0x00000a48   Number         4  cs32l015_hal_msp.o(.text.HAL_UART_MspInit)
    __arm_cp.1_3                             0x00000a4c   Number         4  cs32l015_hal_msp.o(.text.HAL_UART_MspInit)
    __arm_cp.1_4                             0x00000a50   Number         4  cs32l015_hal_msp.o(.text.HAL_UART_MspInit)
    __arm_cp.1_5                             0x00000a54   Number         4  cs32l015_hal_msp.o(.text.HAL_UART_MspInit)
    [Anonymous Symbol]                       0x00000a58   Section        0  cs32l015_hal_uart.o(.text.HAL_UART_Receive_IT)
    [Anonymous Symbol]                       0x00000aac   Section        0  cs32l015_hal_uart.o(.text.HAL_UART_Transmit_IT)
    __arm_cp.9_0                             0x00000b48   Number         4  cs32l015_hal_uart.o(.text.HAL_UART_Transmit_IT)
    [Anonymous Symbol]                       0x00000b4c   Section        0  cs32l015_it.o(.text.HardFault_Handler)
    [Anonymous Symbol]                       0x00000b50   Section        0  cs32l015_it.o(.text.NMI_Handler)
    [Anonymous Symbol]                       0x00000b52   Section        0  cs32l015_it.o(.text.PendSV_Handler)
    RCC_Delay                                0x00000b55   Thumb Code    40  cs32l015_hal_rcc.o(.text.RCC_Delay)
    [Anonymous Symbol]                       0x00000b54   Section        0  cs32l015_hal_rcc.o(.text.RCC_Delay)
    __arm_cp.2_0                             0x00000b78   Number         4  cs32l015_hal_rcc.o(.text.RCC_Delay)
    [Anonymous Symbol]                       0x00000b7c   Section        0  cs32l015_it.o(.text.SVC_Handler)
    SysTick_Config                           0x00000b81   Thumb Code    44  cs32l015_hal_cortex.o(.text.SysTick_Config)
    [Anonymous Symbol]                       0x00000b80   Section        0  cs32l015_hal_cortex.o(.text.SysTick_Config)
    __arm_cp.9_0                             0x00000ba8   Number         4  cs32l015_hal_cortex.o(.text.SysTick_Config)
    [Anonymous Symbol]                       0x00000bac   Section        0  cs32l015_it.o(.text.SysTick_Handler)
    [Anonymous Symbol]                       0x00000bb4   Section        0  system_cs32l015.o(.text.SystemInit)
    __arm_cp.0_0                             0x00000bf0   Number         4  system_cs32l015.o(.text.SystemInit)
    __arm_cp.0_1                             0x00000bf4   Number         4  system_cs32l015.o(.text.SystemInit)
    __arm_cp.0_2                             0x00000bf8   Number         4  system_cs32l015.o(.text.SystemInit)
    __arm_cp.0_3                             0x00000bfc   Number         4  system_cs32l015.o(.text.SystemInit)
    [Anonymous Symbol]                       0x00000c00   Section        0  main.o(.text.UART1_IRQHandler)
    [Anonymous Symbol]                       0x00000c48   Section        0  main.o(.text.UART2_3_IRQHandler)
    UART_SetConfig                           0x00000c89   Thumb Code   184  cs32l015_hal_uart.o(.text.UART_SetConfig)
    [Anonymous Symbol]                       0x00000c88   Section        0  cs32l015_hal_uart.o(.text.UART_SetConfig)
    __arm_cp.2_0                             0x00000d38   Number         4  cs32l015_hal_uart.o(.text.UART_SetConfig)
    __arm_cp.2_1                             0x00000d3c   Number         4  cs32l015_hal_uart.o(.text.UART_SetConfig)
    _SystemClock_Config                      0x00000d41   Thumb Code    84  main.o(.text._SystemClock_Config)
    [Anonymous Symbol]                       0x00000d40   Section        0  main.o(.text._SystemClock_Config)
    __arm_cp.3_0                             0x00000d90   Number         4  main.o(.text._SystemClock_Config)
    __NVIC_EnableIRQ                         0x00000d95   Thumb Code    24  main.o(.text.__NVIC_EnableIRQ)
    [Anonymous Symbol]                       0x00000d94   Section        0  main.o(.text.__NVIC_EnableIRQ)
    __arm_cp.4_0                             0x00000da8   Number         4  main.o(.text.__NVIC_EnableIRQ)
    __NVIC_SetPriority                       0x00000dad   Thumb Code    64  cs32l015_hal_cortex.o(.text.__NVIC_SetPriority)
    [Anonymous Symbol]                       0x00000dac   Section        0  cs32l015_hal_cortex.o(.text.__NVIC_SetPriority)
    __arm_cp.1_0                             0x00000de4   Number         4  cs32l015_hal_cortex.o(.text.__NVIC_SetPriority)
    __arm_cp.1_1                             0x00000de8   Number         4  cs32l015_hal_cortex.o(.text.__NVIC_SetPriority)
    [Anonymous Symbol]                       0x00000dec   Section        0  main.o(.text.main)
    __arm_cp.2_0                             0x00000e90   Number         4  main.o(.text.main)
    __arm_cp.2_1                             0x00000e94   Number         4  main.o(.text.main)
    __arm_cp.2_2                             0x00000e98   Number         4  main.o(.text.main)
    __arm_cp.2_3                             0x00000e9c   Number         4  main.o(.text.main)
    __arm_cp.2_4                             0x00000ea0   Number         4  main.o(.text.main)
    __arm_cp.2_5                             0x00000ea4   Number         4  main.o(.text.main)
    __arm_cp.2_6                             0x00000ea8   Number         4  main.o(.text.main)
    i.__scatterload_copy                     0x00000eac   Section       14  handlers.o(i.__scatterload_copy)
    i.__scatterload_null                     0x00000eba   Section        2  handlers.o(i.__scatterload_null)
    i.__scatterload_zeroinit                 0x00000ebc   Section       14  handlers.o(i.__scatterload_zeroinit)
    ParityTable256                           0x00000eca   Data         256  cs32l015_hal_uart.o(.rodata.ParityTable256)
    [Anonymous Symbol]                       0x00000eca   Section        0  cs32l015_hal_uart.o(.rodata.ParityTable256)
    rxIndex                                  0x200001ad   Data           1  main.o(.bss.rxIndex)
    [Anonymous Symbol]                       0x200001ad   Section        0  main.o(.bss.rxIndex)
    STACK                                    0x200001b8   Section      512  startup_cs32l015.o(STACK)

    Global Symbols

    Symbol Name                              Value     Ov Type        Size  Object(Section)

    BuildAttributes$$THM_ISAv3M$S$PE$A:L22$X:L11$S22$IEEE1$IW$~IW$USESV6$~STKCKD$USESV7$~SHL$OTIME$ROPI$EBA8$MICROLIB$REQ8$PRES8$EABIv2 0x00000000   Number         0  anon$$obj.o ABSOLUTE
    __Vectors                                0x00000000   Data           4  startup_cs32l015.o(RESET)
    _printf_a                                0x00000000   Number         0  printfstubs.o ABSOLUTE
    _printf_c                                0x00000000   Number         0  printfstubs.o ABSOLUTE
    _printf_charcount                        0x00000000   Number         0  printfstubs.o ABSOLUTE
    _printf_d                                0x00000000   Number         0  printfstubs.o ABSOLUTE
    _printf_e                                0x00000000   Number         0  printfstubs.o ABSOLUTE
    _printf_f                                0x00000000   Number         0  printfstubs.o ABSOLUTE
    _printf_flags                            0x00000000   Number         0  printfstubs.o ABSOLUTE
    _printf_fp_dec                           0x00000000   Number         0  printfstubs.o ABSOLUTE
    _printf_fp_hex                           0x00000000   Number         0  printfstubs.o ABSOLUTE
    _printf_g                                0x00000000   Number         0  printfstubs.o ABSOLUTE
    _printf_i                                0x00000000   Number         0  printfstubs.o ABSOLUTE
    _printf_int_dec                          0x00000000   Number         0  printfstubs.o ABSOLUTE
    _printf_l                                0x00000000   Number         0  printfstubs.o ABSOLUTE
    _printf_lc                               0x00000000   Number         0  printfstubs.o ABSOLUTE
    _printf_ll                               0x00000000   Number         0  printfstubs.o ABSOLUTE
    _printf_lld                              0x00000000   Number         0  printfstubs.o ABSOLUTE
    _printf_lli                              0x00000000   Number         0  printfstubs.o ABSOLUTE
    _printf_llo                              0x00000000   Number         0  printfstubs.o ABSOLUTE
    _printf_llu                              0x00000000   Number         0  printfstubs.o ABSOLUTE
    _printf_llx                              0x00000000   Number         0  printfstubs.o ABSOLUTE
    _printf_longlong_dec                     0x00000000   Number         0  printfstubs.o ABSOLUTE
    _printf_longlong_hex                     0x00000000   Number         0  printfstubs.o ABSOLUTE
    _printf_longlong_oct                     0x00000000   Number         0  printfstubs.o ABSOLUTE
    _printf_ls                               0x00000000   Number         0  printfstubs.o ABSOLUTE
    _printf_mbtowc                           0x00000000   Number         0  printfstubs.o ABSOLUTE
    _printf_n                                0x00000000   Number         0  printfstubs.o ABSOLUTE
    _printf_o                                0x00000000   Number         0  printfstubs.o ABSOLUTE
    _printf_p                                0x00000000   Number         0  printfstubs.o ABSOLUTE
    _printf_percent                          0x00000000   Number         0  printfstubs.o ABSOLUTE
    _printf_pre_padding                      0x00000000   Number         0  printfstubs.o ABSOLUTE
    _printf_return_value                     0x00000000   Number         0  printfstubs.o ABSOLUTE
    _printf_s                                0x00000000   Number         0  printfstubs.o ABSOLUTE
    _printf_sizespec                         0x00000000   Number         0  printfstubs.o ABSOLUTE
    _printf_str                              0x00000000   Number         0  printfstubs.o ABSOLUTE
    _printf_truncate_signed                  0x00000000   Number         0  printfstubs.o ABSOLUTE
    _printf_truncate_unsigned                0x00000000   Number         0  printfstubs.o ABSOLUTE
    _printf_u                                0x00000000   Number         0  printfstubs.o ABSOLUTE
    _printf_wc                               0x00000000   Number         0  printfstubs.o ABSOLUTE
    _printf_wctomb                           0x00000000   Number         0  printfstubs.o ABSOLUTE
    _printf_widthprec                        0x00000000   Number         0  printfstubs.o ABSOLUTE
    _printf_x                                0x00000000   Number         0  printfstubs.o ABSOLUTE
    __cpp_initialize__aeabi_                  - Undefined Weak Reference
    __cxa_finalize                            - Undefined Weak Reference
    __decompress                              - Undefined Weak Reference
    _clock_init                               - Undefined Weak Reference
    _microlib_exit                            - Undefined Weak Reference
    __Vectors_End                            0x000000c0   Data           0  startup_cs32l015.o(RESET)
    __Vectors_Size                           0x000000c0   Number         0  startup_cs32l015.o ABSOLUTE
    __main                                   0x000000c1   Thumb Code     0  entry.o(.ARM.Collect$$$$00000000)
    _main_stk                                0x000000c1   Thumb Code     0  entry2.o(.ARM.Collect$$$$00000001)
    _main_scatterload                        0x000000c5   Thumb Code     0  entry5.o(.ARM.Collect$$$$00000004)
    __main_after_scatterload                 0x000000c9   Thumb Code     0  entry5.o(.ARM.Collect$$$$00000004)
    _main_clock                              0x000000c9   Thumb Code     0  entry7b.o(.ARM.Collect$$$$00000008)
    _main_cpp_init                           0x000000c9   Thumb Code     0  entry8b.o(.ARM.Collect$$$$0000000A)
    _main_init                               0x000000c9   Thumb Code     0  entry9a.o(.ARM.Collect$$$$0000000B)
    __rt_final_cpp                           0x000000d1   Thumb Code     0  entry10a.o(.ARM.Collect$$$$0000000D)
    __rt_final_exit                          0x000000d1   Thumb Code     0  entry11a.o(.ARM.Collect$$$$0000000F)
    Reset_Handler                            0x000000d5   Thumb Code     8  startup_cs32l015.o(.text)
    ADC_IRQHandler                           0x000000e7   Thumb Code     0  startup_cs32l015.o(.text)
    AWT_IRQHandler                           0x000000e7   Thumb Code     0  startup_cs32l015.o(.text)
    CLKTRIM_IRQHandler                       0x000000e7   Thumb Code     0  startup_cs32l015.o(.text)
    FLASH_IRQHandler                         0x000000e7   Thumb Code     0  startup_cs32l015.o(.text)
    FWDT_IRQHandler                          0x000000e7   Thumb Code     0  startup_cs32l015.o(.text)
    GPIOA_IRQHandler                         0x000000e7   Thumb Code     0  startup_cs32l015.o(.text)
    GPIOB_IRQHandler                         0x000000e7   Thumb Code     0  startup_cs32l015.o(.text)
    GPIOC_IRQHandler                         0x000000e7   Thumb Code     0  startup_cs32l015.o(.text)
    GPIOD_IRQHandler                         0x000000e7   Thumb Code     0  startup_cs32l015.o(.text)
    I2C0_1_IRQHandler                        0x000000e7   Thumb Code     0  startup_cs32l015.o(.text)
    LPTIM_IRQHandler                         0x000000e7   Thumb Code     0  startup_cs32l015.o(.text)
    LPUART_IRQHandler                        0x000000e7   Thumb Code     0  startup_cs32l015.o(.text)
    LVD_IRQHandler                           0x000000e7   Thumb Code     0  startup_cs32l015.o(.text)
    OWI_IRQHandler                           0x000000e7   Thumb Code     0  startup_cs32l015.o(.text)
    PCA_IRQHandler                           0x000000e7   Thumb Code     0  startup_cs32l015.o(.text)
    RTC_IRQHandler                           0x000000e7   Thumb Code     0  startup_cs32l015.o(.text)
    SPI0_1_IRQHandler                        0x000000e7   Thumb Code     0  startup_cs32l015.o(.text)
    TIM10_IRQHandler                         0x000000e7   Thumb Code     0  startup_cs32l015.o(.text)
    TIM11_IRQHandler                         0x000000e7   Thumb Code     0  startup_cs32l015.o(.text)
    TIM1_IRQHandler                          0x000000e7   Thumb Code     0  startup_cs32l015.o(.text)
    TIM2_IRQHandler                          0x000000e7   Thumb Code     0  startup_cs32l015.o(.text)
    TIM3_IRQHandler                          0x000000e7   Thumb Code     0  startup_cs32l015.o(.text)
    TIM4_IRQHandler                          0x000000e7   Thumb Code     0  startup_cs32l015.o(.text)
    TIM5_IRQHandler                          0x000000e7   Thumb Code     0  startup_cs32l015.o(.text)
    TIM7_IRQHandler                          0x000000e7   Thumb Code     0  startup_cs32l015.o(.text)
    TIM8_IRQHandler                          0x000000e7   Thumb Code     0  startup_cs32l015.o(.text)
    UART0_IRQHandler                         0x000000e7   Thumb Code     0  startup_cs32l015.o(.text)
    VC0_1_IRQHandler                         0x000000e7   Thumb Code     0  startup_cs32l015.o(.text)
    WWDT_IRQHandler                          0x000000e7   Thumb Code     0  startup_cs32l015.o(.text)
    __aeabi_uidiv                            0x000000f1   Thumb Code     0  uidiv_div0.o(.text)
    __aeabi_uidivmod                         0x000000f1   Thumb Code    62  uidiv_div0.o(.text)
    __scatterload                            0x00000131   Thumb Code    38  init.o(.text)
    __scatterload_rt2                        0x00000131   Thumb Code     0  init.o(.text)
    Error_Handler                            0x00000161   Thumb Code     4  main.o(.text.Error_Handler)
    HAL_GPIO_Init                            0x00000165   Thumb Code   496  cs32l015_hal_gpio.o(.text.HAL_GPIO_Init)
    HAL_GetTick                              0x00000355   Thumb Code     8  cs32l015_hal.o(.text.HAL_GetTick)
    HAL_IncTick                              0x0000035d   Thumb Code    20  cs32l015_hal.o(.text.HAL_IncTick)
    HAL_Init                                 0x00000371   Thumb Code    16  cs32l015_hal.o(.text.HAL_Init)
    HAL_InitTick                             0x00000381   Thumb Code    64  cs32l015_hal.o(.text.HAL_InitTick)
    HAL_MspInit                              0x000003c1   Thumb Code     2  cs32l015_hal_msp.o(.text.HAL_MspInit)
    HAL_NVIC_SetPriority                     0x000003c3   Thumb Code     8  cs32l015_hal_cortex.o(.text.HAL_NVIC_SetPriority)
    HAL_RCC_ClockConfig                      0x000003cd   Thumb Code   376  cs32l015_hal_rcc.o(.text.HAL_RCC_ClockConfig)
    HAL_RCC_GetHCLKFreq                      0x00000545   Thumb Code    12  cs32l015_hal_rcc.o(.text.HAL_RCC_GetHCLKFreq)
    HAL_RCC_GetPCLKFreq                      0x00000551   Thumb Code    28  cs32l015_hal_rcc.o(.text.HAL_RCC_GetPCLKFreq)
    HAL_RCC_GetSysClockFreq                  0x0000056d   Thumb Code   104  cs32l015_hal_rcc.o(.text.HAL_RCC_GetSysClockFreq)
    HAL_RCC_OscConfig                        0x000005d5   Thumb Code   852  cs32l015_hal_rcc.o(.text.HAL_RCC_OscConfig)
    HAL_SYSTICK_Config                       0x00000929   Thumb Code     8  cs32l015_hal_cortex.o(.text.HAL_SYSTICK_Config)
    HAL_UART_Init                            0x00000931   Thumb Code    54  cs32l015_hal_uart.o(.text.HAL_UART_Init)
    HAL_UART_MspInit                         0x00000969   Thumb Code   240  cs32l015_hal_msp.o(.text.HAL_UART_MspInit)
    HAL_UART_Receive_IT                      0x00000a59   Thumb Code    84  cs32l015_hal_uart.o(.text.HAL_UART_Receive_IT)
    HAL_UART_Transmit_IT                     0x00000aad   Thumb Code   160  cs32l015_hal_uart.o(.text.HAL_UART_Transmit_IT)
    HardFault_Handler                        0x00000b4d   Thumb Code     4  cs32l015_it.o(.text.HardFault_Handler)
    NMI_Handler                              0x00000b51   Thumb Code     2  cs32l015_it.o(.text.NMI_Handler)
    PendSV_Handler                           0x00000b53   Thumb Code     2  cs32l015_it.o(.text.PendSV_Handler)
    SVC_Handler                              0x00000b7d   Thumb Code     2  cs32l015_it.o(.text.SVC_Handler)
    SysTick_Handler                          0x00000bad   Thumb Code     8  cs32l015_it.o(.text.SysTick_Handler)
    SystemInit                               0x00000bb5   Thumb Code    76  system_cs32l015.o(.text.SystemInit)
    UART1_IRQHandler                         0x00000c01   Thumb Code    72  main.o(.text.UART1_IRQHandler)
    UART2_3_IRQHandler                       0x00000c49   Thumb Code    64  main.o(.text.UART2_3_IRQHandler)
    main                                     0x00000ded   Thumb Code   192  main.o(.text.main)
    __scatterload_copy                       0x00000ead   Thumb Code    14  handlers.o(i.__scatterload_copy)
    __scatterload_null                       0x00000ebb   Thumb Code     2  handlers.o(i.__scatterload_null)
    __scatterload_zeroinit                   0x00000ebd   Thumb Code    14  handlers.o(i.__scatterload_zeroinit)
    Region$$Table$$Base                      0x00000fcc   Number         0  anon$$obj.o(Region$$Table)
    Region$$Table$$Limit                     0x00000fec   Number         0  anon$$obj.o(Region$$Table)
    SystemCoreClock                          0x20000000   Data           4  system_cs32l015.o(.data.SystemCoreClock)
    uwTickFreq                               0x20000004   Data           1  cs32l015_hal.o(.data.uwTickFreq)
    uwTickPrio                               0x20000008   Data           4  cs32l015_hal.o(.data.uwTickPrio)
    GPIO_InitStruct                          0x20000010   Data          52  cs32l015_hal_msp.o(.bss.GPIO_InitStruct)
    g_hUart                                  0x20000044   Data          52  main.o(.bss.g_hUart)
    g_hUart1                                 0x20000078   Data          52  main.o(.bss.g_hUart1)
    receivedByte                             0x200000ac   Data           1  main.o(.bss.receivedByte)
    rxData                                   0x200000ad   Data         256  main.o(.bss.rxData)
    uwTick                                   0x200001b0   Data           4  cs32l015_hal.o(.bss.uwTick)
    __initial_sp                             0x200003b8   Data           0  startup_cs32l015.o(STACK)



==============================================================================

Memory Map of the image

  Image Entry point : 0x000000c1

  Load Region LR_IROM1 (Base: 0x00000000, Size: 0x00001000, Max: 0x00010000, ABSOLUTE)

    Execution Region ER_IROM1 (Exec base: 0x00000000, Load base: 0x00000000, Size: 0x00000fec, Max: 0x00010000, ABSOLUTE)

    Exec Addr    Load Addr    Size         Type   Attr      Idx    E Section Name        Object

    0x00000000   0x00000000   0x000000c0   Data   RO         1351    RESET               startup_cs32l015.o
    0x000000c0   0x000000c0   0x00000000   Code   RO         1372  * .ARM.Collect$$$$00000000  mc_p.l(entry.o)
    0x000000c0   0x000000c0   0x00000004   Code   RO         1650    .ARM.Collect$$$$00000001  mc_p.l(entry2.o)
    0x000000c4   0x000000c4   0x00000004   Code   RO         1653    .ARM.Collect$$$$00000004  mc_p.l(entry5.o)
    0x000000c8   0x000000c8   0x00000000   Code   RO         1655    .ARM.Collect$$$$00000008  mc_p.l(entry7b.o)
    0x000000c8   0x000000c8   0x00000000   Code   RO         1657    .ARM.Collect$$$$0000000A  mc_p.l(entry8b.o)
    0x000000c8   0x000000c8   0x00000008   Code   RO         1658    .ARM.Collect$$$$0000000B  mc_p.l(entry9a.o)
    0x000000d0   0x000000d0   0x00000000   Code   RO         1660    .ARM.Collect$$$$0000000D  mc_p.l(entry10a.o)
    0x000000d0   0x000000d0   0x00000000   Code   RO         1662    .ARM.Collect$$$$0000000F  mc_p.l(entry11a.o)
    0x000000d0   0x000000d0   0x00000004   Code   RO         1651    .ARM.Collect$$$$00002712  mc_p.l(entry2.o)
    0x000000d4   0x000000d4   0x0000001c   Code   RO         1352    .text               startup_cs32l015.o
    0x000000f0   0x000000f0   0x0000003e   Code   RO         1673    .text               mc_p.l(uidiv_div0.o)
    0x0000012e   0x0000012e   0x00000002   PAD
    0x00000130   0x00000130   0x00000030   Code   RO         1692    .text               mc_p.l(init.o)
    0x00000160   0x00000160   0x00000004   Code   RO           16    .text.Error_Handler  main.o
    0x00000164   0x00000164   0x000001f0   Code   RO          492    .text.HAL_GPIO_Init  cs32l015_hal_gpio.o
    0x00000354   0x00000354   0x00000008   Code   RO          152    .text.HAL_GetTick   cs32l015_hal.o
    0x0000035c   0x0000035c   0x00000014   Code   RO          150    .text.HAL_IncTick   cs32l015_hal.o
    0x00000370   0x00000370   0x00000010   Code   RO          140    .text.HAL_Init      cs32l015_hal.o
    0x00000380   0x00000380   0x00000040   Code   RO          142    .text.HAL_InitTick  cs32l015_hal.o
    0x000003c0   0x000003c0   0x00000002   Code   RO           37    .text.HAL_MspInit   cs32l015_hal_msp.o
    0x000003c2   0x000003c2   0x00000008   Code   RO          351    .text.HAL_NVIC_SetPriority  cs32l015_hal_cortex.o
    0x000003ca   0x000003ca   0x00000002   PAD
    0x000003cc   0x000003cc   0x00000178   Code   RO          902    .text.HAL_RCC_ClockConfig  cs32l015_hal_rcc.o
    0x00000544   0x00000544   0x0000000c   Code   RO          908    .text.HAL_RCC_GetHCLKFreq  cs32l015_hal_rcc.o
    0x00000550   0x00000550   0x0000001c   Code   RO          910    .text.HAL_RCC_GetPCLKFreq  cs32l015_hal_rcc.o
    0x0000056c   0x0000056c   0x00000068   Code   RO          904    .text.HAL_RCC_GetSysClockFreq  cs32l015_hal_rcc.o
    0x000005d4   0x000005d4   0x00000354   Code   RO          898    .text.HAL_RCC_OscConfig  cs32l015_hal_rcc.o
    0x00000928   0x00000928   0x00000008   Code   RO          367    .text.HAL_SYSTICK_Config  cs32l015_hal_cortex.o
    0x00000930   0x00000930   0x00000036   Code   RO         1236    .text.HAL_UART_Init  cs32l015_hal_uart.o
    0x00000966   0x00000966   0x00000002   PAD
    0x00000968   0x00000968   0x000000f0   Code   RO           39    .text.HAL_UART_MspInit  cs32l015_hal_msp.o
    0x00000a58   0x00000a58   0x00000054   Code   RO         1256    .text.HAL_UART_Receive_IT  cs32l015_hal_uart.o
    0x00000aac   0x00000aac   0x000000a0   Code   RO         1254    .text.HAL_UART_Transmit_IT  cs32l015_hal_uart.o
    0x00000b4c   0x00000b4c   0x00000004   Code   RO           55    .text.HardFault_Handler  cs32l015_it.o
    0x00000b50   0x00000b50   0x00000002   Code   RO           53    .text.NMI_Handler   cs32l015_it.o
    0x00000b52   0x00000b52   0x00000002   Code   RO           59    .text.PendSV_Handler  cs32l015_it.o
    0x00000b54   0x00000b54   0x00000028   Code   RO          900    .text.RCC_Delay     cs32l015_hal_rcc.o
    0x00000b7c   0x00000b7c   0x00000002   Code   RO           57    .text.SVC_Handler   cs32l015_it.o
    0x00000b7e   0x00000b7e   0x00000002   PAD
    0x00000b80   0x00000b80   0x0000002c   Code   RO          369    .text.SysTick_Config  cs32l015_hal_cortex.o
    0x00000bac   0x00000bac   0x00000008   Code   RO           61    .text.SysTick_Handler  cs32l015_it.o
    0x00000bb4   0x00000bb4   0x0000004c   Code   RO         1359    .text.SystemInit    system_cs32l015.o
    0x00000c00   0x00000c00   0x00000048   Code   RO           14    .text.UART1_IRQHandler  main.o
    0x00000c48   0x00000c48   0x00000040   Code   RO           12    .text.UART2_3_IRQHandler  main.o
    0x00000c88   0x00000c88   0x000000b8   Code   RO         1240    .text.UART_SetConfig  cs32l015_hal_uart.o
    0x00000d40   0x00000d40   0x00000054   Code   RO            8    .text._SystemClock_Config  main.o
    0x00000d94   0x00000d94   0x00000018   Code   RO           10    .text.__NVIC_EnableIRQ  main.o
    0x00000dac   0x00000dac   0x00000040   Code   RO          353    .text.__NVIC_SetPriority  cs32l015_hal_cortex.o
    0x00000dec   0x00000dec   0x000000c0   Code   RO            6    .text.main          main.o
    0x00000eac   0x00000eac   0x0000000e   Code   RO         1706    i.__scatterload_copy  mc_p.l(handlers.o)
    0x00000eba   0x00000eba   0x00000002   Code   RO         1707    i.__scatterload_null  mc_p.l(handlers.o)
    0x00000ebc   0x00000ebc   0x0000000e   Code   RO         1708    i.__scatterload_zeroinit  mc_p.l(handlers.o)
    0x00000eca   0x00000eca   0x00000100   Data   RO         1290    .rodata.ParityTable256  cs32l015_hal_uart.o
    0x00000fca   0x00000fca   0x00000002   PAD
    0x00000fcc   0x00000fcc   0x00000020   Data   RO         1705    Region$$Table       anon$$obj.o


    Execution Region RW_IRAM1 (Exec base: 0x20000000, Load base: 0x00000ff0, Size: 0x000003b8, Max: 0x00002000, ABSOLUTE)

    Exec Addr    Load Addr    Size         Type   Attr      Idx    E Section Name        Object

    0x20000000   0x00000ff0   0x00000004   Data   RW         1363    .data.SystemCoreClock  system_cs32l015.o
    0x20000004   0x00000ff4   0x00000001   Data   RW          179    .data.uwTickFreq    cs32l015_hal.o
    0x20000005   0x00000ff5   0x00000003   PAD
    0x20000008   0x00000ff8   0x00000004   Data   RW          178    .data.uwTickPrio    cs32l015_hal.o
    0x2000000c   0x00000ffc   0x00000004   PAD
    0x20000010        -       0x00000034   Zero   RW           43    .bss.GPIO_InitStruct  cs32l015_hal_msp.o
    0x20000044        -       0x00000034   Zero   RW           22    .bss.g_hUart        main.o
    0x20000078        -       0x00000034   Zero   RW           23    .bss.g_hUart1       main.o
    0x200000ac        -       0x00000001   Zero   RW           26    .bss.receivedByte   main.o
    0x200000ad        -       0x00000100   Zero   RW           24    .bss.rxData         main.o
    0x200001ad        -       0x00000001   Zero   RW           25    .bss.rxIndex        main.o
    0x200001ae   0x00000ffc   0x00000002   PAD
    0x200001b0        -       0x00000004   Zero   RW          180    .bss.uwTick         cs32l015_hal.o
    0x200001b4   0x00000ffc   0x00000004   PAD
    0x200001b8        -       0x00000200   Zero   RW         1349    STACK               startup_cs32l015.o


==============================================================================

Image component sizes


      Code (inc. data)   RO Data    RW Data    ZI Data      Debug   Object Name

       108          8          0          5          4       5746   cs32l015_hal.o
       124         12          0          0          0       5478   cs32l015_hal_cortex.o
       496          0          0          0          0       8272   cs32l015_hal_gpio.o
       242         24          0          0         52       4212   cs32l015_hal_msp.o
      1412        116          0          0          0       7225   cs32l015_hal_rcc.o
       482         12        256          0          0      10579   cs32l015_hal_uart.o
        18          0          0          0          0        711   cs32l015_it.o
       440         36          0          0        362       6968   main.o
        28          8        192          0        512        668   startup_cs32l015.o
        76         16          0          4          0       2116   system_cs32l015.o

    ----------------------------------------------------------------------
      3432        232        482         12        940      51975   Object Totals
         0          0         32          0          0          0   (incl. Generated)
         6          0          2          3         10          0   (incl. Padding)

    ----------------------------------------------------------------------

      Code (inc. data)   RO Data    RW Data    ZI Data      Debug   Library Member Name

         0          0          0          0          0          0   entry.o
         0          0          0          0          0          0   entry10a.o
         0          0          0          0          0          0   entry11a.o
         8          4          0          0          0          0   entry2.o
         4          0          0          0          0          0   entry5.o
         0          0          0          0          0          0   entry7b.o
         0          0          0          0          0          0   entry8b.o
         8          4          0          0          0          0   entry9a.o
        30          0          0          0          0          0   handlers.o
        48         10          0          0          0         68   init.o
        62          0          0          0          0         72   uidiv_div0.o

    ----------------------------------------------------------------------
       162         18          0          0          0        140   Library Totals
         2          0          0          0          0          0   (incl. Padding)

    ----------------------------------------------------------------------

      Code (inc. data)   RO Data    RW Data    ZI Data      Debug   Library Name

       160         18          0          0          0        140   mc_p.l

    ----------------------------------------------------------------------
       162         18          0          0          0        140   Library Totals

    ----------------------------------------------------------------------

==============================================================================


      Code (inc. data)   RO Data    RW Data    ZI Data      Debug   

      3594        250        482         12        940      52107   Grand Totals
      3594        250        482         12        940      52107   ELF Image Totals
      3594        250        482         12          0          0   ROM Totals

==============================================================================

    Total RO  Size (Code + RO Data)                 4076 (   3.98kB)
    Total RW  Size (RW Data + ZI Data)               952 (   0.93kB)
    Total ROM Size (Code + RO Data + RW Data)       4088 (   3.99kB)

==============================================================================

