<!doctype html public "-//w3c//dtd html 4.0 transitional//en">
<html><head>
<title>Static Call Graph - [Project\Project.axf]</title></head>
<body><HR>
<H1>Static Call Graph for image Project\Project.axf</H1><HR>
<BR><P>#&#060CALLGRAPH&#062# ARM Linker, 6220000: Last Updated: Tue Apr  8 16:48:08 2025
<BR><P>
<H3>Maximum Stack Usage =        160 bytes + Unknown(Cycles, Untraceable Function Pointers)</H3><H3>
Call chain for Maximum Stack Depth:</H3>
main &rArr; HAL_UART_Init &rArr; HAL_UART_MspInit &rArr; HAL_GPIO_Init
<P>
<H3>
Mutually Recursive functions
</H3> <LI><a href="#[1d]">ADC_IRQHandler</a>&nbsp;&nbsp;&nbsp;&rArr;&nbsp;&nbsp;&nbsp;<a href="#[1d]">ADC_IRQHandler</a><BR>
</UL>
<P>
<H3>
Function Pointers
</H3><UL>
 <LI><a href="#[1d]">ADC_IRQHandler</a> from startup_cs32l015.o(.text) referenced from startup_cs32l015.o(RESET)
 <LI><a href="#[21]">AWT_IRQHandler</a> from startup_cs32l015.o(.text) referenced from startup_cs32l015.o(RESET)
 <LI><a href="#[24]">CLKTRIM_IRQHandler</a> from startup_cs32l015.o(.text) referenced from startup_cs32l015.o(RESET)
 <LI><a href="#[a]">FLASH_IRQHandler</a> from startup_cs32l015.o(.text) referenced from startup_cs32l015.o(RESET)
 <LI><a href="#[1c]">FWDT_IRQHandler</a> from startup_cs32l015.o(.text) referenced from startup_cs32l015.o(RESET)
 <LI><a href="#[6]">GPIOA_IRQHandler</a> from startup_cs32l015.o(.text) referenced from startup_cs32l015.o(RESET)
 <LI><a href="#[7]">GPIOB_IRQHandler</a> from startup_cs32l015.o(.text) referenced from startup_cs32l015.o(RESET)
 <LI><a href="#[8]">GPIOC_IRQHandler</a> from startup_cs32l015.o(.text) referenced from startup_cs32l015.o(RESET)
 <LI><a href="#[9]">GPIOD_IRQHandler</a> from startup_cs32l015.o(.text) referenced from startup_cs32l015.o(RESET)
 <LI><a href="#[2]">HardFault_Handler</a> from cs32l015_it.o(.text.HardFault_Handler) referenced from startup_cs32l015.o(RESET)
 <LI><a href="#[11]">I2C0_1_IRQHandler</a> from startup_cs32l015.o(.text) referenced from startup_cs32l015.o(RESET)
 <LI><a href="#[15]">LPTIM_IRQHandler</a> from startup_cs32l015.o(.text) referenced from startup_cs32l015.o(RESET)
 <LI><a href="#[d]">LPUART_IRQHandler</a> from startup_cs32l015.o(.text) referenced from startup_cs32l015.o(RESET)
 <LI><a href="#[1e]">LVD_IRQHandler</a> from startup_cs32l015.o(.text) referenced from startup_cs32l015.o(RESET)
 <LI><a href="#[1]">NMI_Handler</a> from cs32l015_it.o(.text.NMI_Handler) referenced from startup_cs32l015.o(RESET)
 <LI><a href="#[22]">OWI_IRQHandler</a> from startup_cs32l015.o(.text) referenced from startup_cs32l015.o(RESET)
 <LI><a href="#[1a]">PCA_IRQHandler</a> from startup_cs32l015.o(.text) referenced from startup_cs32l015.o(RESET)
 <LI><a href="#[4]">PendSV_Handler</a> from cs32l015_it.o(.text.PendSV_Handler) referenced from startup_cs32l015.o(RESET)
 <LI><a href="#[23]">RTC_IRQHandler</a> from startup_cs32l015.o(.text) referenced from startup_cs32l015.o(RESET)
 <LI><a href="#[0]">Reset_Handler</a> from startup_cs32l015.o(.text) referenced from startup_cs32l015.o(RESET)
 <LI><a href="#[f]">SPI0_1_IRQHandler</a> from startup_cs32l015.o(.text) referenced from startup_cs32l015.o(RESET)
 <LI><a href="#[3]">SVC_Handler</a> from cs32l015_it.o(.text.SVC_Handler) referenced from startup_cs32l015.o(RESET)
 <LI><a href="#[5]">SysTick_Handler</a> from cs32l015_it.o(.text.SysTick_Handler) referenced from startup_cs32l015.o(RESET)
 <LI><a href="#[26]">SystemInit</a> from system_cs32l015.o(.text.SystemInit) referenced from startup_cs32l015.o(.text)
 <LI><a href="#[13]">TIM10_IRQHandler</a> from startup_cs32l015.o(.text) referenced from startup_cs32l015.o(RESET)
 <LI><a href="#[14]">TIM11_IRQHandler</a> from startup_cs32l015.o(.text) referenced from startup_cs32l015.o(RESET)
 <LI><a href="#[17]">TIM1_IRQHandler</a> from startup_cs32l015.o(.text) referenced from startup_cs32l015.o(RESET)
 <LI><a href="#[18]">TIM2_IRQHandler</a> from startup_cs32l015.o(.text) referenced from startup_cs32l015.o(RESET)
 <LI><a href="#[19]">TIM3_IRQHandler</a> from startup_cs32l015.o(.text) referenced from startup_cs32l015.o(RESET)
 <LI><a href="#[20]">TIM4_IRQHandler</a> from startup_cs32l015.o(.text) referenced from startup_cs32l015.o(RESET)
 <LI><a href="#[10]">TIM5_IRQHandler</a> from startup_cs32l015.o(.text) referenced from startup_cs32l015.o(RESET)
 <LI><a href="#[16]">TIM7_IRQHandler</a> from startup_cs32l015.o(.text) referenced from startup_cs32l015.o(RESET)
 <LI><a href="#[12]">TIM8_IRQHandler</a> from startup_cs32l015.o(.text) referenced from startup_cs32l015.o(RESET)
 <LI><a href="#[b]">UART0_IRQHandler</a> from startup_cs32l015.o(.text) referenced from startup_cs32l015.o(RESET)
 <LI><a href="#[c]">UART1_IRQHandler</a> from main.o(.text.UART1_IRQHandler) referenced from startup_cs32l015.o(RESET)
 <LI><a href="#[e]">UART2_3_IRQHandler</a> from main.o(.text.UART2_3_IRQHandler) referenced from startup_cs32l015.o(RESET)
 <LI><a href="#[1f]">VC0_1_IRQHandler</a> from startup_cs32l015.o(.text) referenced from startup_cs32l015.o(RESET)
 <LI><a href="#[1b]">WWDT_IRQHandler</a> from startup_cs32l015.o(.text) referenced from startup_cs32l015.o(RESET)
 <LI><a href="#[27]">__main</a> from entry.o(.ARM.Collect$$$$00000000) referenced from startup_cs32l015.o(.text)
 <LI><a href="#[25]">main</a> from main.o(.text.main) referenced from entry9a.o(.ARM.Collect$$$$0000000B)
</UL>
<P>
<H3>
Global Symbols
</H3>
<P><STRONG><a name="[27]"></a>__main</STRONG> (Thumb, 0 bytes, Stack size unknown bytes, entry.o(.ARM.Collect$$$$00000000))
<BR>[Address Reference Count : 1]<UL><LI> startup_cs32l015.o(.text)
</UL>
<P><STRONG><a name="[44]"></a>_main_stk</STRONG> (Thumb, 0 bytes, Stack size unknown bytes, entry2.o(.ARM.Collect$$$$00000001))

<P><STRONG><a name="[28]"></a>_main_scatterload</STRONG> (Thumb, 0 bytes, Stack size unknown bytes, entry5.o(.ARM.Collect$$$$00000004))
<BR><BR>[Calls]<UL><LI><a href="#[29]">&gt;&gt;</a>&nbsp;&nbsp;&nbsp;__scatterload
</UL>

<P><STRONG><a name="[2a]"></a>__main_after_scatterload</STRONG> (Thumb, 0 bytes, Stack size unknown bytes, entry5.o(.ARM.Collect$$$$00000004))
<BR><BR>[Called By]<UL><LI><a href="#[29]">&gt;&gt;</a>&nbsp;&nbsp;&nbsp;__scatterload
</UL>

<P><STRONG><a name="[45]"></a>_main_clock</STRONG> (Thumb, 0 bytes, Stack size unknown bytes, entry7b.o(.ARM.Collect$$$$00000008))

<P><STRONG><a name="[46]"></a>_main_cpp_init</STRONG> (Thumb, 0 bytes, Stack size unknown bytes, entry8b.o(.ARM.Collect$$$$0000000A))

<P><STRONG><a name="[47]"></a>_main_init</STRONG> (Thumb, 0 bytes, Stack size unknown bytes, entry9a.o(.ARM.Collect$$$$0000000B))

<P><STRONG><a name="[48]"></a>__rt_final_cpp</STRONG> (Thumb, 0 bytes, Stack size unknown bytes, entry10a.o(.ARM.Collect$$$$0000000D))

<P><STRONG><a name="[49]"></a>__rt_final_exit</STRONG> (Thumb, 0 bytes, Stack size unknown bytes, entry11a.o(.ARM.Collect$$$$0000000F))

<P><STRONG><a name="[0]"></a>Reset_Handler</STRONG> (Thumb, 8 bytes, Stack size 0 bytes, startup_cs32l015.o(.text))
<BR>[Address Reference Count : 1]<UL><LI> startup_cs32l015.o(RESET)
</UL>
<P><STRONG><a name="[1d]"></a>ADC_IRQHandler</STRONG> (Thumb, 0 bytes, Stack size 0 bytes, startup_cs32l015.o(.text))
<BR><BR>[Calls]<UL><LI><a href="#[1d]">&gt;&gt;</a>&nbsp;&nbsp;&nbsp;ADC_IRQHandler
</UL>
<BR>[Called By]<UL><LI><a href="#[1d]">&gt;&gt;</a>&nbsp;&nbsp;&nbsp;ADC_IRQHandler
</UL>
<BR>[Address Reference Count : 1]<UL><LI> startup_cs32l015.o(RESET)
</UL>
<P><STRONG><a name="[21]"></a>AWT_IRQHandler</STRONG> (Thumb, 0 bytes, Stack size 0 bytes, startup_cs32l015.o(.text))
<BR>[Address Reference Count : 1]<UL><LI> startup_cs32l015.o(RESET)
</UL>
<P><STRONG><a name="[24]"></a>CLKTRIM_IRQHandler</STRONG> (Thumb, 0 bytes, Stack size 0 bytes, startup_cs32l015.o(.text))
<BR>[Address Reference Count : 1]<UL><LI> startup_cs32l015.o(RESET)
</UL>
<P><STRONG><a name="[a]"></a>FLASH_IRQHandler</STRONG> (Thumb, 0 bytes, Stack size 0 bytes, startup_cs32l015.o(.text))
<BR>[Address Reference Count : 1]<UL><LI> startup_cs32l015.o(RESET)
</UL>
<P><STRONG><a name="[1c]"></a>FWDT_IRQHandler</STRONG> (Thumb, 0 bytes, Stack size 0 bytes, startup_cs32l015.o(.text))
<BR>[Address Reference Count : 1]<UL><LI> startup_cs32l015.o(RESET)
</UL>
<P><STRONG><a name="[6]"></a>GPIOA_IRQHandler</STRONG> (Thumb, 0 bytes, Stack size 0 bytes, startup_cs32l015.o(.text))
<BR>[Address Reference Count : 1]<UL><LI> startup_cs32l015.o(RESET)
</UL>
<P><STRONG><a name="[7]"></a>GPIOB_IRQHandler</STRONG> (Thumb, 0 bytes, Stack size 0 bytes, startup_cs32l015.o(.text))
<BR>[Address Reference Count : 1]<UL><LI> startup_cs32l015.o(RESET)
</UL>
<P><STRONG><a name="[8]"></a>GPIOC_IRQHandler</STRONG> (Thumb, 0 bytes, Stack size 0 bytes, startup_cs32l015.o(.text))
<BR>[Address Reference Count : 1]<UL><LI> startup_cs32l015.o(RESET)
</UL>
<P><STRONG><a name="[9]"></a>GPIOD_IRQHandler</STRONG> (Thumb, 0 bytes, Stack size 0 bytes, startup_cs32l015.o(.text))
<BR>[Address Reference Count : 1]<UL><LI> startup_cs32l015.o(RESET)
</UL>
<P><STRONG><a name="[11]"></a>I2C0_1_IRQHandler</STRONG> (Thumb, 0 bytes, Stack size 0 bytes, startup_cs32l015.o(.text))
<BR>[Address Reference Count : 1]<UL><LI> startup_cs32l015.o(RESET)
</UL>
<P><STRONG><a name="[15]"></a>LPTIM_IRQHandler</STRONG> (Thumb, 0 bytes, Stack size 0 bytes, startup_cs32l015.o(.text))
<BR>[Address Reference Count : 1]<UL><LI> startup_cs32l015.o(RESET)
</UL>
<P><STRONG><a name="[d]"></a>LPUART_IRQHandler</STRONG> (Thumb, 0 bytes, Stack size 0 bytes, startup_cs32l015.o(.text))
<BR>[Address Reference Count : 1]<UL><LI> startup_cs32l015.o(RESET)
</UL>
<P><STRONG><a name="[1e]"></a>LVD_IRQHandler</STRONG> (Thumb, 0 bytes, Stack size 0 bytes, startup_cs32l015.o(.text))
<BR>[Address Reference Count : 1]<UL><LI> startup_cs32l015.o(RESET)
</UL>
<P><STRONG><a name="[22]"></a>OWI_IRQHandler</STRONG> (Thumb, 0 bytes, Stack size 0 bytes, startup_cs32l015.o(.text))
<BR>[Address Reference Count : 1]<UL><LI> startup_cs32l015.o(RESET)
</UL>
<P><STRONG><a name="[1a]"></a>PCA_IRQHandler</STRONG> (Thumb, 0 bytes, Stack size 0 bytes, startup_cs32l015.o(.text))
<BR>[Address Reference Count : 1]<UL><LI> startup_cs32l015.o(RESET)
</UL>
<P><STRONG><a name="[23]"></a>RTC_IRQHandler</STRONG> (Thumb, 0 bytes, Stack size 0 bytes, startup_cs32l015.o(.text))
<BR>[Address Reference Count : 1]<UL><LI> startup_cs32l015.o(RESET)
</UL>
<P><STRONG><a name="[f]"></a>SPI0_1_IRQHandler</STRONG> (Thumb, 0 bytes, Stack size 0 bytes, startup_cs32l015.o(.text))
<BR>[Address Reference Count : 1]<UL><LI> startup_cs32l015.o(RESET)
</UL>
<P><STRONG><a name="[13]"></a>TIM10_IRQHandler</STRONG> (Thumb, 0 bytes, Stack size 0 bytes, startup_cs32l015.o(.text))
<BR>[Address Reference Count : 1]<UL><LI> startup_cs32l015.o(RESET)
</UL>
<P><STRONG><a name="[14]"></a>TIM11_IRQHandler</STRONG> (Thumb, 0 bytes, Stack size 0 bytes, startup_cs32l015.o(.text))
<BR>[Address Reference Count : 1]<UL><LI> startup_cs32l015.o(RESET)
</UL>
<P><STRONG><a name="[17]"></a>TIM1_IRQHandler</STRONG> (Thumb, 0 bytes, Stack size 0 bytes, startup_cs32l015.o(.text))
<BR>[Address Reference Count : 1]<UL><LI> startup_cs32l015.o(RESET)
</UL>
<P><STRONG><a name="[18]"></a>TIM2_IRQHandler</STRONG> (Thumb, 0 bytes, Stack size 0 bytes, startup_cs32l015.o(.text))
<BR>[Address Reference Count : 1]<UL><LI> startup_cs32l015.o(RESET)
</UL>
<P><STRONG><a name="[19]"></a>TIM3_IRQHandler</STRONG> (Thumb, 0 bytes, Stack size 0 bytes, startup_cs32l015.o(.text))
<BR>[Address Reference Count : 1]<UL><LI> startup_cs32l015.o(RESET)
</UL>
<P><STRONG><a name="[20]"></a>TIM4_IRQHandler</STRONG> (Thumb, 0 bytes, Stack size 0 bytes, startup_cs32l015.o(.text))
<BR>[Address Reference Count : 1]<UL><LI> startup_cs32l015.o(RESET)
</UL>
<P><STRONG><a name="[10]"></a>TIM5_IRQHandler</STRONG> (Thumb, 0 bytes, Stack size 0 bytes, startup_cs32l015.o(.text))
<BR>[Address Reference Count : 1]<UL><LI> startup_cs32l015.o(RESET)
</UL>
<P><STRONG><a name="[16]"></a>TIM7_IRQHandler</STRONG> (Thumb, 0 bytes, Stack size 0 bytes, startup_cs32l015.o(.text))
<BR>[Address Reference Count : 1]<UL><LI> startup_cs32l015.o(RESET)
</UL>
<P><STRONG><a name="[12]"></a>TIM8_IRQHandler</STRONG> (Thumb, 0 bytes, Stack size 0 bytes, startup_cs32l015.o(.text))
<BR>[Address Reference Count : 1]<UL><LI> startup_cs32l015.o(RESET)
</UL>
<P><STRONG><a name="[b]"></a>UART0_IRQHandler</STRONG> (Thumb, 0 bytes, Stack size 0 bytes, startup_cs32l015.o(.text))
<BR>[Address Reference Count : 1]<UL><LI> startup_cs32l015.o(RESET)
</UL>
<P><STRONG><a name="[1f]"></a>VC0_1_IRQHandler</STRONG> (Thumb, 0 bytes, Stack size 0 bytes, startup_cs32l015.o(.text))
<BR>[Address Reference Count : 1]<UL><LI> startup_cs32l015.o(RESET)
</UL>
<P><STRONG><a name="[1b]"></a>WWDT_IRQHandler</STRONG> (Thumb, 0 bytes, Stack size 0 bytes, startup_cs32l015.o(.text))
<BR>[Address Reference Count : 1]<UL><LI> startup_cs32l015.o(RESET)
</UL>
<P><STRONG><a name="[2e]"></a>__aeabi_uidiv</STRONG> (Thumb, 0 bytes, Stack size 16 bytes, uidiv_div0.o(.text))
<BR><BR>[Stack]<UL><LI>Max Depth = 16<LI>Call Chain = __aeabi_uidiv
</UL>
<BR>[Called By]<UL><LI><a href="#[35]">&gt;&gt;</a>&nbsp;&nbsp;&nbsp;HAL_RCC_GetPCLKFreq
<LI><a href="#[32]">&gt;&gt;</a>&nbsp;&nbsp;&nbsp;HAL_RCC_ClockConfig
<LI><a href="#[2c]">&gt;&gt;</a>&nbsp;&nbsp;&nbsp;HAL_InitTick
<LI><a href="#[38]">&gt;&gt;</a>&nbsp;&nbsp;&nbsp;RCC_Delay
<LI><a href="#[3c]">&gt;&gt;</a>&nbsp;&nbsp;&nbsp;UART_SetConfig
</UL>

<P><STRONG><a name="[4a]"></a>__aeabi_uidivmod</STRONG> (Thumb, 62 bytes, Stack size 16 bytes, uidiv_div0.o(.text), UNUSED)

<P><STRONG><a name="[29]"></a>__scatterload</STRONG> (Thumb, 38 bytes, Stack size 0 bytes, init.o(.text))
<BR><BR>[Calls]<UL><LI><a href="#[2a]">&gt;&gt;</a>&nbsp;&nbsp;&nbsp;__main_after_scatterload
</UL>
<BR>[Called By]<UL><LI><a href="#[28]">&gt;&gt;</a>&nbsp;&nbsp;&nbsp;_main_scatterload
</UL>

<P><STRONG><a name="[4b]"></a>__scatterload_rt2</STRONG> (Thumb, 0 bytes, Stack size 0 bytes, init.o(.text), UNUSED)

<P><STRONG><a name="[41]"></a>Error_Handler</STRONG> (Thumb, 4 bytes, Stack size 0 bytes, main.o(.text.Error_Handler))
<BR><BR>[Called By]<UL><LI><a href="#[40]">&gt;&gt;</a>&nbsp;&nbsp;&nbsp;_SystemClock_Config
</UL>

<P><STRONG><a name="[3d]"></a>HAL_GPIO_Init</STRONG> (Thumb, 496 bytes, Stack size 56 bytes, cs32l015_hal_gpio.o(.text.HAL_GPIO_Init))
<BR><BR>[Stack]<UL><LI>Max Depth = 56<LI>Call Chain = HAL_GPIO_Init
</UL>
<BR>[Called By]<UL><LI><a href="#[3b]">&gt;&gt;</a>&nbsp;&nbsp;&nbsp;HAL_UART_MspInit
</UL>

<P><STRONG><a name="[34]"></a>HAL_GetTick</STRONG> (Thumb, 8 bytes, Stack size 0 bytes, cs32l015_hal.o(.text.HAL_GetTick))
<BR><BR>[Called By]<UL><LI><a href="#[37]">&gt;&gt;</a>&nbsp;&nbsp;&nbsp;HAL_RCC_OscConfig
<LI><a href="#[32]">&gt;&gt;</a>&nbsp;&nbsp;&nbsp;HAL_RCC_ClockConfig
</UL>

<P><STRONG><a name="[3e]"></a>HAL_IncTick</STRONG> (Thumb, 20 bytes, Stack size 0 bytes, cs32l015_hal.o(.text.HAL_IncTick))
<BR><BR>[Called By]<UL><LI><a href="#[5]">&gt;&gt;</a>&nbsp;&nbsp;&nbsp;SysTick_Handler
</UL>

<P><STRONG><a name="[2b]"></a>HAL_Init</STRONG> (Thumb, 16 bytes, Stack size 8 bytes, cs32l015_hal.o(.text.HAL_Init))
<BR><BR>[Stack]<UL><LI>Max Depth = 48<LI>Call Chain = HAL_Init &rArr; HAL_InitTick &rArr; HAL_SYSTICK_Config &rArr; SysTick_Config
</UL>
<BR>[Calls]<UL><LI><a href="#[2d]">&gt;&gt;</a>&nbsp;&nbsp;&nbsp;HAL_MspInit
<LI><a href="#[2c]">&gt;&gt;</a>&nbsp;&nbsp;&nbsp;HAL_InitTick
</UL>
<BR>[Called By]<UL><LI><a href="#[25]">&gt;&gt;</a>&nbsp;&nbsp;&nbsp;main
</UL>

<P><STRONG><a name="[2c]"></a>HAL_InitTick</STRONG> (Thumb, 64 bytes, Stack size 16 bytes, cs32l015_hal.o(.text.HAL_InitTick))
<BR><BR>[Stack]<UL><LI>Max Depth = 40<LI>Call Chain = HAL_InitTick &rArr; HAL_SYSTICK_Config &rArr; SysTick_Config
</UL>
<BR>[Calls]<UL><LI><a href="#[30]">&gt;&gt;</a>&nbsp;&nbsp;&nbsp;HAL_NVIC_SetPriority
<LI><a href="#[2f]">&gt;&gt;</a>&nbsp;&nbsp;&nbsp;HAL_SYSTICK_Config
<LI><a href="#[2e]">&gt;&gt;</a>&nbsp;&nbsp;&nbsp;__aeabi_uidiv
</UL>
<BR>[Called By]<UL><LI><a href="#[32]">&gt;&gt;</a>&nbsp;&nbsp;&nbsp;HAL_RCC_ClockConfig
<LI><a href="#[2b]">&gt;&gt;</a>&nbsp;&nbsp;&nbsp;HAL_Init
</UL>

<P><STRONG><a name="[2d]"></a>HAL_MspInit</STRONG> (Thumb, 2 bytes, Stack size 0 bytes, cs32l015_hal_msp.o(.text.HAL_MspInit))
<BR><BR>[Called By]<UL><LI><a href="#[2b]">&gt;&gt;</a>&nbsp;&nbsp;&nbsp;HAL_Init
</UL>

<P><STRONG><a name="[30]"></a>HAL_NVIC_SetPriority</STRONG> (Thumb, 8 bytes, Stack size 8 bytes, cs32l015_hal_cortex.o(.text.HAL_NVIC_SetPriority))
<BR><BR>[Stack]<UL><LI>Max Depth = 8<LI>Call Chain = HAL_NVIC_SetPriority
</UL>
<BR>[Calls]<UL><LI><a href="#[31]">&gt;&gt;</a>&nbsp;&nbsp;&nbsp;__NVIC_SetPriority
</UL>
<BR>[Called By]<UL><LI><a href="#[2c]">&gt;&gt;</a>&nbsp;&nbsp;&nbsp;HAL_InitTick
</UL>

<P><STRONG><a name="[32]"></a>HAL_RCC_ClockConfig</STRONG> (Thumb, 376 bytes, Stack size 24 bytes, cs32l015_hal_rcc.o(.text.HAL_RCC_ClockConfig))
<BR><BR>[Stack]<UL><LI>Max Depth = 64<LI>Call Chain = HAL_RCC_ClockConfig &rArr; HAL_InitTick &rArr; HAL_SYSTICK_Config &rArr; SysTick_Config
</UL>
<BR>[Calls]<UL><LI><a href="#[2c]">&gt;&gt;</a>&nbsp;&nbsp;&nbsp;HAL_InitTick
<LI><a href="#[34]">&gt;&gt;</a>&nbsp;&nbsp;&nbsp;HAL_GetTick
<LI><a href="#[33]">&gt;&gt;</a>&nbsp;&nbsp;&nbsp;HAL_RCC_GetSysClockFreq
<LI><a href="#[2e]">&gt;&gt;</a>&nbsp;&nbsp;&nbsp;__aeabi_uidiv
</UL>
<BR>[Called By]<UL><LI><a href="#[40]">&gt;&gt;</a>&nbsp;&nbsp;&nbsp;_SystemClock_Config
</UL>

<P><STRONG><a name="[36]"></a>HAL_RCC_GetHCLKFreq</STRONG> (Thumb, 12 bytes, Stack size 0 bytes, cs32l015_hal_rcc.o(.text.HAL_RCC_GetHCLKFreq))
<BR><BR>[Called By]<UL><LI><a href="#[35]">&gt;&gt;</a>&nbsp;&nbsp;&nbsp;HAL_RCC_GetPCLKFreq
</UL>

<P><STRONG><a name="[35]"></a>HAL_RCC_GetPCLKFreq</STRONG> (Thumb, 28 bytes, Stack size 16 bytes, cs32l015_hal_rcc.o(.text.HAL_RCC_GetPCLKFreq))
<BR><BR>[Stack]<UL><LI>Max Depth = 32<LI>Call Chain = HAL_RCC_GetPCLKFreq &rArr; __aeabi_uidiv
</UL>
<BR>[Calls]<UL><LI><a href="#[36]">&gt;&gt;</a>&nbsp;&nbsp;&nbsp;HAL_RCC_GetHCLKFreq
<LI><a href="#[2e]">&gt;&gt;</a>&nbsp;&nbsp;&nbsp;__aeabi_uidiv
</UL>
<BR>[Called By]<UL><LI><a href="#[3c]">&gt;&gt;</a>&nbsp;&nbsp;&nbsp;UART_SetConfig
</UL>

<P><STRONG><a name="[33]"></a>HAL_RCC_GetSysClockFreq</STRONG> (Thumb, 104 bytes, Stack size 8 bytes, cs32l015_hal_rcc.o(.text.HAL_RCC_GetSysClockFreq))
<BR><BR>[Stack]<UL><LI>Max Depth = 8<LI>Call Chain = HAL_RCC_GetSysClockFreq
</UL>
<BR>[Called By]<UL><LI><a href="#[32]">&gt;&gt;</a>&nbsp;&nbsp;&nbsp;HAL_RCC_ClockConfig
</UL>

<P><STRONG><a name="[37]"></a>HAL_RCC_OscConfig</STRONG> (Thumb, 852 bytes, Stack size 24 bytes, cs32l015_hal_rcc.o(.text.HAL_RCC_OscConfig))
<BR><BR>[Stack]<UL><LI>Max Depth = 56<LI>Call Chain = HAL_RCC_OscConfig &rArr; RCC_Delay &rArr; __aeabi_uidiv
</UL>
<BR>[Calls]<UL><LI><a href="#[34]">&gt;&gt;</a>&nbsp;&nbsp;&nbsp;HAL_GetTick
<LI><a href="#[38]">&gt;&gt;</a>&nbsp;&nbsp;&nbsp;RCC_Delay
</UL>
<BR>[Called By]<UL><LI><a href="#[40]">&gt;&gt;</a>&nbsp;&nbsp;&nbsp;_SystemClock_Config
</UL>

<P><STRONG><a name="[2f]"></a>HAL_SYSTICK_Config</STRONG> (Thumb, 8 bytes, Stack size 8 bytes, cs32l015_hal_cortex.o(.text.HAL_SYSTICK_Config))
<BR><BR>[Stack]<UL><LI>Max Depth = 24<LI>Call Chain = HAL_SYSTICK_Config &rArr; SysTick_Config
</UL>
<BR>[Calls]<UL><LI><a href="#[39]">&gt;&gt;</a>&nbsp;&nbsp;&nbsp;SysTick_Config
</UL>
<BR>[Called By]<UL><LI><a href="#[2c]">&gt;&gt;</a>&nbsp;&nbsp;&nbsp;HAL_InitTick
</UL>

<P><STRONG><a name="[3a]"></a>HAL_UART_Init</STRONG> (Thumb, 54 bytes, Stack size 16 bytes, cs32l015_hal_uart.o(.text.HAL_UART_Init))
<BR><BR>[Stack]<UL><LI>Max Depth = 152<LI>Call Chain = HAL_UART_Init &rArr; HAL_UART_MspInit &rArr; HAL_GPIO_Init
</UL>
<BR>[Calls]<UL><LI><a href="#[3b]">&gt;&gt;</a>&nbsp;&nbsp;&nbsp;HAL_UART_MspInit
<LI><a href="#[3c]">&gt;&gt;</a>&nbsp;&nbsp;&nbsp;UART_SetConfig
</UL>
<BR>[Called By]<UL><LI><a href="#[25]">&gt;&gt;</a>&nbsp;&nbsp;&nbsp;main
</UL>

<P><STRONG><a name="[3b]"></a>HAL_UART_MspInit</STRONG> (Thumb, 240 bytes, Stack size 80 bytes, cs32l015_hal_msp.o(.text.HAL_UART_MspInit))
<BR><BR>[Stack]<UL><LI>Max Depth = 136<LI>Call Chain = HAL_UART_MspInit &rArr; HAL_GPIO_Init
</UL>
<BR>[Calls]<UL><LI><a href="#[3d]">&gt;&gt;</a>&nbsp;&nbsp;&nbsp;HAL_GPIO_Init
</UL>
<BR>[Called By]<UL><LI><a href="#[3a]">&gt;&gt;</a>&nbsp;&nbsp;&nbsp;HAL_UART_Init
</UL>

<P><STRONG><a name="[43]"></a>HAL_UART_Receive_IT</STRONG> (Thumb, 84 bytes, Stack size 16 bytes, cs32l015_hal_uart.o(.text.HAL_UART_Receive_IT))
<BR><BR>[Stack]<UL><LI>Max Depth = 16<LI>Call Chain = HAL_UART_Receive_IT
</UL>
<BR>[Called By]<UL><LI><a href="#[25]">&gt;&gt;</a>&nbsp;&nbsp;&nbsp;main
</UL>

<P><STRONG><a name="[3f]"></a>HAL_UART_Transmit_IT</STRONG> (Thumb, 160 bytes, Stack size 16 bytes, cs32l015_hal_uart.o(.text.HAL_UART_Transmit_IT))
<BR><BR>[Stack]<UL><LI>Max Depth = 16<LI>Call Chain = HAL_UART_Transmit_IT
</UL>
<BR>[Called By]<UL><LI><a href="#[25]">&gt;&gt;</a>&nbsp;&nbsp;&nbsp;main
<LI><a href="#[e]">&gt;&gt;</a>&nbsp;&nbsp;&nbsp;UART2_3_IRQHandler
<LI><a href="#[c]">&gt;&gt;</a>&nbsp;&nbsp;&nbsp;UART1_IRQHandler
</UL>

<P><STRONG><a name="[2]"></a>HardFault_Handler</STRONG> (Thumb, 4 bytes, Stack size 0 bytes, cs32l015_it.o(.text.HardFault_Handler))
<BR>[Address Reference Count : 1]<UL><LI> startup_cs32l015.o(RESET)
</UL>
<P><STRONG><a name="[1]"></a>NMI_Handler</STRONG> (Thumb, 2 bytes, Stack size 0 bytes, cs32l015_it.o(.text.NMI_Handler))
<BR>[Address Reference Count : 1]<UL><LI> startup_cs32l015.o(RESET)
</UL>
<P><STRONG><a name="[4]"></a>PendSV_Handler</STRONG> (Thumb, 2 bytes, Stack size 0 bytes, cs32l015_it.o(.text.PendSV_Handler))
<BR>[Address Reference Count : 1]<UL><LI> startup_cs32l015.o(RESET)
</UL>
<P><STRONG><a name="[3]"></a>SVC_Handler</STRONG> (Thumb, 2 bytes, Stack size 0 bytes, cs32l015_it.o(.text.SVC_Handler))
<BR>[Address Reference Count : 1]<UL><LI> startup_cs32l015.o(RESET)
</UL>
<P><STRONG><a name="[5]"></a>SysTick_Handler</STRONG> (Thumb, 8 bytes, Stack size 8 bytes, cs32l015_it.o(.text.SysTick_Handler))
<BR><BR>[Stack]<UL><LI>Max Depth = 8<LI>Call Chain = SysTick_Handler
</UL>
<BR>[Calls]<UL><LI><a href="#[3e]">&gt;&gt;</a>&nbsp;&nbsp;&nbsp;HAL_IncTick
</UL>
<BR>[Address Reference Count : 1]<UL><LI> startup_cs32l015.o(RESET)
</UL>
<P><STRONG><a name="[26]"></a>SystemInit</STRONG> (Thumb, 76 bytes, Stack size 0 bytes, system_cs32l015.o(.text.SystemInit))
<BR>[Address Reference Count : 1]<UL><LI> startup_cs32l015.o(.text)
</UL>
<P><STRONG><a name="[c]"></a>UART1_IRQHandler</STRONG> (Thumb, 72 bytes, Stack size 24 bytes, main.o(.text.UART1_IRQHandler))
<BR><BR>[Stack]<UL><LI>Max Depth = 40<LI>Call Chain = UART1_IRQHandler &rArr; HAL_UART_Transmit_IT
</UL>
<BR>[Calls]<UL><LI><a href="#[3f]">&gt;&gt;</a>&nbsp;&nbsp;&nbsp;HAL_UART_Transmit_IT
</UL>
<BR>[Address Reference Count : 1]<UL><LI> startup_cs32l015.o(RESET)
</UL>
<P><STRONG><a name="[e]"></a>UART2_3_IRQHandler</STRONG> (Thumb, 64 bytes, Stack size 16 bytes, main.o(.text.UART2_3_IRQHandler))
<BR><BR>[Stack]<UL><LI>Max Depth = 32<LI>Call Chain = UART2_3_IRQHandler &rArr; HAL_UART_Transmit_IT
</UL>
<BR>[Calls]<UL><LI><a href="#[3f]">&gt;&gt;</a>&nbsp;&nbsp;&nbsp;HAL_UART_Transmit_IT
</UL>
<BR>[Address Reference Count : 1]<UL><LI> startup_cs32l015.o(RESET)
</UL>
<P><STRONG><a name="[25]"></a>main</STRONG> (Thumb, 192 bytes, Stack size 8 bytes, main.o(.text.main))
<BR><BR>[Stack]<UL><LI>Max Depth = 160<LI>Call Chain = main &rArr; HAL_UART_Init &rArr; HAL_UART_MspInit &rArr; HAL_GPIO_Init
</UL>
<BR>[Calls]<UL><LI><a href="#[3f]">&gt;&gt;</a>&nbsp;&nbsp;&nbsp;HAL_UART_Transmit_IT
<LI><a href="#[43]">&gt;&gt;</a>&nbsp;&nbsp;&nbsp;HAL_UART_Receive_IT
<LI><a href="#[3a]">&gt;&gt;</a>&nbsp;&nbsp;&nbsp;HAL_UART_Init
<LI><a href="#[2b]">&gt;&gt;</a>&nbsp;&nbsp;&nbsp;HAL_Init
<LI><a href="#[42]">&gt;&gt;</a>&nbsp;&nbsp;&nbsp;__NVIC_EnableIRQ
<LI><a href="#[40]">&gt;&gt;</a>&nbsp;&nbsp;&nbsp;_SystemClock_Config
</UL>
<BR>[Address Reference Count : 1]<UL><LI> entry9a.o(.ARM.Collect$$$$0000000B)
</UL>
<P><STRONG><a name="[4c]"></a>__scatterload_copy</STRONG> (Thumb, 14 bytes, Stack size unknown bytes, handlers.o(i.__scatterload_copy), UNUSED)

<P><STRONG><a name="[4d]"></a>__scatterload_null</STRONG> (Thumb, 2 bytes, Stack size unknown bytes, handlers.o(i.__scatterload_null), UNUSED)

<P><STRONG><a name="[4e]"></a>__scatterload_zeroinit</STRONG> (Thumb, 14 bytes, Stack size unknown bytes, handlers.o(i.__scatterload_zeroinit), UNUSED)
<P>
<H3>
Local Symbols
</H3>
<P><STRONG><a name="[40]"></a>_SystemClock_Config</STRONG> (Thumb, 84 bytes, Stack size 72 bytes, main.o(.text._SystemClock_Config))
<BR><BR>[Stack]<UL><LI>Max Depth = 136<LI>Call Chain = _SystemClock_Config &rArr; HAL_RCC_ClockConfig &rArr; HAL_InitTick &rArr; HAL_SYSTICK_Config &rArr; SysTick_Config
</UL>
<BR>[Calls]<UL><LI><a href="#[37]">&gt;&gt;</a>&nbsp;&nbsp;&nbsp;HAL_RCC_OscConfig
<LI><a href="#[32]">&gt;&gt;</a>&nbsp;&nbsp;&nbsp;HAL_RCC_ClockConfig
<LI><a href="#[41]">&gt;&gt;</a>&nbsp;&nbsp;&nbsp;Error_Handler
</UL>
<BR>[Called By]<UL><LI><a href="#[25]">&gt;&gt;</a>&nbsp;&nbsp;&nbsp;main
</UL>

<P><STRONG><a name="[42]"></a>__NVIC_EnableIRQ</STRONG> (Thumb, 24 bytes, Stack size 0 bytes, main.o(.text.__NVIC_EnableIRQ))
<BR><BR>[Called By]<UL><LI><a href="#[25]">&gt;&gt;</a>&nbsp;&nbsp;&nbsp;main
</UL>

<P><STRONG><a name="[39]"></a>SysTick_Config</STRONG> (Thumb, 44 bytes, Stack size 16 bytes, cs32l015_hal_cortex.o(.text.SysTick_Config))
<BR><BR>[Stack]<UL><LI>Max Depth = 16<LI>Call Chain = SysTick_Config
</UL>
<BR>[Calls]<UL><LI><a href="#[31]">&gt;&gt;</a>&nbsp;&nbsp;&nbsp;__NVIC_SetPriority
</UL>
<BR>[Called By]<UL><LI><a href="#[2f]">&gt;&gt;</a>&nbsp;&nbsp;&nbsp;HAL_SYSTICK_Config
</UL>

<P><STRONG><a name="[31]"></a>__NVIC_SetPriority</STRONG> (Thumb, 64 bytes, Stack size 0 bytes, cs32l015_hal_cortex.o(.text.__NVIC_SetPriority))
<BR><BR>[Called By]<UL><LI><a href="#[30]">&gt;&gt;</a>&nbsp;&nbsp;&nbsp;HAL_NVIC_SetPriority
<LI><a href="#[39]">&gt;&gt;</a>&nbsp;&nbsp;&nbsp;SysTick_Config
</UL>

<P><STRONG><a name="[38]"></a>RCC_Delay</STRONG> (Thumb, 40 bytes, Stack size 16 bytes, cs32l015_hal_rcc.o(.text.RCC_Delay))
<BR><BR>[Stack]<UL><LI>Max Depth = 32<LI>Call Chain = RCC_Delay &rArr; __aeabi_uidiv
</UL>
<BR>[Calls]<UL><LI><a href="#[2e]">&gt;&gt;</a>&nbsp;&nbsp;&nbsp;__aeabi_uidiv
</UL>
<BR>[Called By]<UL><LI><a href="#[37]">&gt;&gt;</a>&nbsp;&nbsp;&nbsp;HAL_RCC_OscConfig
</UL>

<P><STRONG><a name="[3c]"></a>UART_SetConfig</STRONG> (Thumb, 184 bytes, Stack size 32 bytes, cs32l015_hal_uart.o(.text.UART_SetConfig))
<BR><BR>[Stack]<UL><LI>Max Depth = 64<LI>Call Chain = UART_SetConfig &rArr; HAL_RCC_GetPCLKFreq &rArr; __aeabi_uidiv
</UL>
<BR>[Calls]<UL><LI><a href="#[35]">&gt;&gt;</a>&nbsp;&nbsp;&nbsp;HAL_RCC_GetPCLKFreq
<LI><a href="#[2e]">&gt;&gt;</a>&nbsp;&nbsp;&nbsp;__aeabi_uidiv
</UL>
<BR>[Called By]<UL><LI><a href="#[3a]">&gt;&gt;</a>&nbsp;&nbsp;&nbsp;HAL_UART_Init
</UL>
<P>
<H3>
Undefined Global Symbols
</H3><HR></body></html>
